Archive member included because of file (symbol)

archival/lib.a(ar.o)          applets/built-in.o (ar_main)
archival/lib.a(bbunzip.o)     applets/built-in.o (bunzip2_main)
archival/lib.a(cpio.o)        applets/built-in.o (cpio_main)
archival/lib.a(gzip.o)        applets/built-in.o (gzip_main)
archival/lib.a(rpm.o)         applets/built-in.o (rpm_main)
archival/lib.a(rpm2cpio.o)    applets/built-in.o (rpm2cpio_main)
archival/lib.a(tar.o)         applets/built-in.o (tar_main)
archival/lib.a(unzip.o)       applets/built-in.o (unzip_main)
archival/libunarchive/lib.a(check_header_gzip.o)
                              archival/lib.a(bbunzip.o) (check_header_gzip_or_die)
archival/libunarchive/lib.a(data_extract_all.o)
                              archival/lib.a(ar.o) (data_extract_all)
archival/libunarchive/lib.a(data_extract_to_stdout.o)
                              archival/lib.a(ar.o) (data_extract_to_stdout)
archival/libunarchive/lib.a(data_skip.o)
                              archival/libunarchive/lib.a(data_extract_all.o) (data_skip)
archival/libunarchive/lib.a(decompress_bunzip2.o)
                              applets/built-in.o (read_bunzip)
archival/libunarchive/lib.a(decompress_uncompress.o)
                              archival/lib.a(bbunzip.o) (uncompress)
archival/libunarchive/lib.a(decompress_unlzma.o)
                              archival/lib.a(bbunzip.o) (unpack_lzma_stream)
archival/libunarchive/lib.a(decompress_unzip.o)
                              archival/lib.a(unzip.o) (inflate_unzip)
archival/libunarchive/lib.a(filter_accept_list.o)
                              archival/lib.a(ar.o) (filter_accept_list)
archival/libunarchive/lib.a(filter_accept_reject_list.o)
                              archival/lib.a(tar.o) (filter_accept_reject_list)
archival/libunarchive/lib.a(find_list_entry.o)
                              archival/lib.a(tar.o) (find_list_entry)
archival/libunarchive/lib.a(get_header_ar.o)
                              archival/lib.a(ar.o) (get_header_ar)
archival/libunarchive/lib.a(get_header_cpio.o)
                              archival/lib.a(cpio.o) (get_header_cpio)
archival/libunarchive/lib.a(get_header_tar.o)
                              archival/lib.a(tar.o) (get_header_tar)
archival/libunarchive/lib.a(get_header_tar_bz2.o)
                              archival/lib.a(tar.o) (get_header_tar_bz2)
archival/libunarchive/lib.a(get_header_tar_gz.o)
                              archival/lib.a(tar.o) (get_header_tar_gz)
archival/libunarchive/lib.a(get_header_tar_lzma.o)
                              archival/lib.a(tar.o) (get_header_tar_lzma)
archival/libunarchive/lib.a(header_list.o)
                              archival/lib.a(ar.o) (header_list)
archival/libunarchive/lib.a(header_verbose_list.o)
                              archival/lib.a(cpio.o) (header_verbose_list)
archival/libunarchive/lib.a(init_handle.o)
                              archival/lib.a(ar.o) (init_handle)
archival/libunarchive/lib.a(open_transformer.o)
                              archival/lib.a(rpm.o) (open_transformer)
archival/libunarchive/lib.a(seek_by_jump.o)
                              archival/lib.a(cpio.o) (seek_by_jump)
archival/libunarchive/lib.a(seek_by_read.o)
                              archival/lib.a(cpio.o) (seek_by_read)
archival/libunarchive/lib.a(archive_xread_all_eof.o)
                              archival/libunarchive/lib.a(get_header_cpio.o) (archive_xread_all_eof)
archival/libunarchive/lib.a(data_align.o)
                              archival/libunarchive/lib.a(get_header_cpio.o) (data_align)
archival/libunarchive/lib.a(filter_accept_all.o)
                              archival/libunarchive/lib.a(init_handle.o) (filter_accept_all)
archival/libunarchive/lib.a(header_skip.o)
                              archival/libunarchive/lib.a(init_handle.o) (header_skip)
console-tools/lib.a(chvt.o)   applets/built-in.o (chvt_main)
console-tools/lib.a(clear.o)  applets/built-in.o (clear_main)
console-tools/lib.a(deallocvt.o)
                              applets/built-in.o (deallocvt_main)
console-tools/lib.a(dumpkmap.o)
                              applets/built-in.o (dumpkmap_main)
console-tools/lib.a(loadfont.o)
                              applets/built-in.o (loadfont_main)
console-tools/lib.a(loadkmap.o)
                              applets/built-in.o (loadkmap_main)
console-tools/lib.a(openvt.o)
                              applets/built-in.o (openvt_main)
console-tools/lib.a(reset.o)  applets/built-in.o (reset_main)
console-tools/lib.a(resize.o)
                              applets/built-in.o (resize_main)
console-tools/lib.a(setconsole.o)
                              applets/built-in.o (setconsole_main)
console-tools/lib.a(setkeycodes.o)
                              applets/built-in.o (setkeycodes_main)
console-tools/lib.a(setlogcons.o)
                              applets/built-in.o (setlogcons_main)
coreutils/lib.a(basename.o)   applets/built-in.o (basename_main)
[...]
Memory Configuration

Name             Origin             Length             Attributes
*default*        0x00000000         0xffffffff

Linker script and memory map

LOAD /home/zion/gcc_jz2440/arm-linux-gcc-3.4.5-glibc-2.3.6/bin/../lib/gcc/arm-linux/3.4.5/../../../../arm-linux/lib/crt1.o
LOAD /home/zion/gcc_jz2440/arm-linux-gcc-3.4.5-glibc-2.3.6/bin/../lib/gcc/arm-linux/3.4.5/../../../../arm-linux/lib/crti.o
LOAD /home/zion/gcc_jz2440/arm-linux-gcc-3.4.5-glibc-2.3.6/bin/../lib/gcc/arm-linux/3.4.5/crtbegin.o
START GROUP
LOAD applets/built-in.o
LOAD archival/lib.a
LOAD archival/libunarchive/lib.a
LOAD console-tools/lib.a
LOAD coreutils/lib.a
LOAD coreutils/libcoreutils/lib.a
LOAD debianutils/lib.a
LOAD e2fsprogs/lib.a
LOAD editors/lib.a
LOAD findutils/lib.a
LOAD init/lib.a
LOAD ipsvd/lib.a
LOAD libbb/lib.a
LOAD libpwdgrp/lib.a
LOAD loginutils/lib.a
LOAD miscutils/lib.a
LOAD modutils/lib.a
LOAD networking/lib.a
LOAD networking/libiproute/lib.a
LOAD networking/udhcp/lib.a
LOAD procps/lib.a
LOAD runit/lib.a
LOAD selinux/lib.a
LOAD shell/lib.a
LOAD sysklogd/lib.a
LOAD util-linux/lib.a
LOAD archival/built-in.o
LOAD archival/libunarchive/built-in.o
LOAD console-tools/built-in.o
LOAD coreutils/built-in.o
LOAD coreutils/libcoreutils/built-in.o
LOAD debianutils/built-in.o
LOAD e2fsprogs/built-in.o
LOAD editors/built-in.o
LOAD findutils/built-in.o
LOAD init/built-in.o
LOAD ipsvd/built-in.o
LOAD libbb/built-in.o
LOAD libpwdgrp/built-in.o
LOAD loginutils/built-in.o
LOAD miscutils/built-in.o
LOAD modutils/built-in.o
LOAD networking/built-in.o
LOAD networking/libiproute/built-in.o
LOAD networking/udhcp/built-in.o
LOAD procps/built-in.o
LOAD runit/built-in.o
LOAD selinux/built-in.o
LOAD shell/built-in.o
LOAD sysklogd/built-in.o
LOAD util-linux/built-in.o
END GROUP
START GROUP
LOAD /home/zion/gcc_jz2440/arm-linux-gcc-3.4.5-glibc-2.3.6/bin/../lib/gcc/arm-linux/3.4.5/../../../../arm-linux/lib/libcrypt.so
LOAD /home/zion/gcc_jz2440/arm-linux-gcc-3.4.5-glibc-2.3.6/bin/../lib/gcc/arm-linux/3.4.5/../../../../arm-linux/lib/libm.so
END GROUP
LOAD /home/zion/gcc_jz2440/arm-linux-gcc-3.4.5-glibc-2.3.6/bin/../lib/gcc/arm-linux/3.4.5/libgcc.a
LOAD /home/zion/gcc_jz2440/arm-linux-gcc-3.4.5-glibc-2.3.6/bin/../lib/gcc/arm-linux/3.4.5/../../../../arm-linux/lib/libgcc_s.so
LOAD /home/zion/gcc_jz2440/arm-linux-gcc-3.4.5-glibc-2.3.6/bin/../lib/gcc/arm-linux/3.4.5/../../../../arm-linux/lib/libc.so
START GROUP
LOAD /home/zion/gcc_jz2440/arm-linux-gcc-3.4.5-glibc-2.3.6/bin/../lib/gcc/arm-linux/3.4.5/../../../../arm-linux/lib/libc.so.6
LOAD /home/zion/gcc_jz2440/arm-linux-gcc-3.4.5-glibc-2.3.6/bin/../lib/gcc/arm-linux/3.4.5/../../../../arm-linux/lib/libc_nonshared.a
END GROUP
LOAD /home/zion/gcc_jz2440/arm-linux-gcc-3.4.5-glibc-2.3.6/bin/../lib/gcc/arm-linux/3.4.5/libgcc.a
LOAD /home/zion/gcc_jz2440/arm-linux-gcc-3.4.5-glibc-2.3.6/bin/../lib/gcc/arm-linux/3.4.5/../../../../arm-linux/lib/libgcc_s.so
LOAD /home/zion/gcc_jz2440/arm-linux-gcc-3.4.5-glibc-2.3.6/bin/../lib/gcc/arm-linux/3.4.5/crtend.o
LOAD /home/zion/gcc_jz2440/arm-linux-gcc-3.4.5-glibc-2.3.6/bin/../lib/gcc/arm-linux/3.4.5/../../../../arm-linux/lib/crtn.o
                0x00008000                PROVIDE (__executable_start, 0x8000)
                0x000080f4                . = (0x8000 + SIZEOF_HEADERS)

.interp         0x000080f4       0x13
 *(.interp)
 .interp        0x000080f4       0x13 /home/zion/gcc_jz2440/arm-linux-gcc-3.4.5-glibc-2.3.6/bin/../lib/gcc/arm-linux/3.4.5/../../../../arm-linux/lib/crti.o

.note.ABI-tag   0x00008108       0x20
 .note.ABI-tag  0x00008108       0x20 /home/zion/gcc_jz2440/arm-linux-gcc-3.4.5-glibc-2.3.6/bin/../lib/gcc/arm-linux/3.4.5/../../../../arm-linux/lib/crt1.o

.hash           0x00008128      0xa74
 *(.hash)
 .hash          0x00008128      0xa74 /home/zion/gcc_jz2440/arm-linux-gcc-3.4.5-glibc-2.3.6/bin/../lib/gcc/arm-linux/3.4.5/../../../../arm-linux/lib/crti.o

.dynsym         0x00008b9c     0x1940
 *(.dynsym)
 .dynsym        0x00008b9c     0x1940 /home/zion/gcc_jz2440/arm-linux-gcc-3.4.5-glibc-2.3.6/bin/../lib/gcc/arm-linux/3.4.5/../../../../arm-linux/lib/crti.o

.dynstr         0x0000a4dc      0xdb6
 *(.dynstr)
 .dynstr        0x0000a4dc      0xdb6 /home/zion/gcc_jz2440/arm-linux-gcc-3.4.5-glibc-2.3.6/bin/../lib/gcc/arm-linux/3.4.5/../../../../arm-linux/lib/crti.o

.gnu.version    0x0000b292      0x328
 *(.gnu.version)
 .gnu.version   0x0000b292      0x328 /home/zion/gcc_jz2440/arm-linux-gcc-3.4.5-glibc-2.3.6/bin/../lib/gcc/arm-linux/3.4.5/../../../../arm-linux/lib/crti.o

.gnu.version_d
 *(.gnu.version_d)

.gnu.version_r  0x0000b5bc       0xe0
 *(.gnu.version_r)
 .gnu.version_r
                0x0000b5bc       0xe0 /home/zion/gcc_jz2440/arm-linux-gcc-3.4.5-glibc-2.3.6/bin/../lib/gcc/arm-linux/3.4.5/../../../../arm-linux/lib/crti.o

.rel.dyn        0x0000b69c       0x70
 *(.rel.init)
 *(.rel.text .rel.text.* .rel.gnu.linkonce.t.*)
 *(.rel.fini)
 *(.rel.rodata .rel.rodata.* .rel.gnu.linkonce.r.*)
 *(.rel.data .rel.data.* .rel.gnu.linkonce.d.*)
 *(.rel.tdata .rel.tdata.* .rel.gnu.linkonce.td.*)
 *(.rel.tbss .rel.tbss.* .rel.gnu.linkonce.tb.*)
 *(.rel.ctors)
 *(.rel.dtors)
 *(.rel.got)
 .rel.got       0x0000b69c       0x28 /home/zion/gcc_jz2440/arm-linux-gcc-3.4.5-glibc-2.3.6/bin/../lib/gcc/arm-linux/3.4.5/../../../../arm-linux/lib/crti.o
 *(.rel.bss .rel.bss.* .rel.gnu.linkonce.b.*)
 .rel.bss       0x0000b6c4       0x48 /home/zion/gcc_jz2440/arm-linux-gcc-3.4.5-glibc-2.3.6/bin/../lib/gcc/arm-linux/3.4.5/../../../../arm-linux/lib/crti.o

.rela.dyn
 *(.rela.init)
 *(.rela.text .rela.text.* .rela.gnu.linkonce.t.*)
 *(.rela.fini)
 *(.rela.rodata .rela.rodata.* .rela.gnu.linkonce.r.*)
 *(.rela.data .rela.data.* .rela.gnu.linkonce.d.*)
 *(.rela.tdata .rela.tdata.* .rela.gnu.linkonce.td.*)
 *(.rela.tbss .rela.tbss.* .rela.gnu.linkonce.tb.*)
 *(.rela.ctors)
 *(.rela.dtors)
 *(.rela.got)
 *(.rela.bss .rela.bss.* .rela.gnu.linkonce.b.*)

.rel.plt        0x0000b70c      0xc00
 *(.rel.plt)
 .rel.plt       0x0000b70c      0xc00 /home/zion/gcc_jz2440/arm-linux-gcc-3.4.5-glibc-2.3.6/bin/../lib/gcc/arm-linux/3.4.5/../../../../arm-linux/lib/crti.o

.rela.plt
 *(.rela.plt)

.init           0x0000c30c       0x14
 *(.init)
 .init          0x0000c30c        0x8 /home/zion/gcc_jz2440/arm-linux-gcc-3.4.5-glibc-2.3.6/bin/../lib/gcc/arm-linux/3.4.5/../../../../arm-linux/lib/crti.o
                0x0000c30c                _init
 .init          0x0000c314        0x4 /home/zion/gcc_jz2440/arm-linux-gcc-3.4.5-glibc-2.3.6/bin/../lib/gcc/arm-linux/3.4.5/crtbegin.o
 .init          0x0000c318        0x4 /home/zion/gcc_jz2440/arm-linux-gcc-3.4.5-glibc-2.3.6/bin/../lib/gcc/arm-linux/3.4.5/crtend.o
 .init          0x0000c31c        0x4 /home/zion/gcc_jz2440/arm-linux-gcc-3.4.5-glibc-2.3.6/bin/../lib/gcc/arm-linux/3.4.5/../../../../arm-linux/lib/crtn.o

.plt            0x0000c320     0x1214
 *(.plt)
 .plt           0x0000c320     0x1214 /home/zion/gcc_jz2440/arm-linux-gcc-3.4.5-glibc-2.3.6/bin/../lib/gcc/arm-linux/3.4.5/../../../../arm-linux/lib/crti.o
                0x0000c334                fileno@@GLIBC_2.0
                0x0000c340                getpagesize@@GLIBC_2.0
                0x0000c34c                fputs@@GLIBC_2.0
                0x0000c358                abort@@GLIBC_2.0
                0x0000c364                __errno_location@@GLIBC_2.0
                0x0000c370                setmntent@@GLIBC_2.0
                0x0000c37c                semget@@GLIBC_2.0
                0x0000c388                sigemptyset@@GLIBC_2.0
                0x0000c394                inet_ntop@@GLIBC_2.0
                0x0000c3a0                sprintf@@GLIBC_2.0
                0x0000c3ac                init_module@@GLIBC_2.0
                0x0000c3b8                popen@@GLIBC_2.1
                0x0000c3c4                srand@@GLIBC_2.0
                0x0000c3d0                setusershell@@GLIBC_2.0
                0x0000c3dc                connect@@GLIBC_2.0
                0x0000c3e8                isprint@@GLIBC_2.0
                0x0000c3f4                __res_state@@GLIBC_2.2
                0x0000c400                clnt_spcreateerror@@GLIBC_2.0
                0x0000c40c                setgroups@@GLIBC_2.0
                0x0000c418                statfs64@@GLIBC_2.1
                0x0000c424                getpid@@GLIBC_2.0
                0x0000c430                mkdir@@GLIBC_2.0
                0x0000c43c                isalpha@@GLIBC_2.0
                0x0000c448                strerror@@GLIBC_2.0
                0x0000c454                setbuf@@GLIBC_2.0
                0x0000c460                creat64@@GLIBC_2.1
                0x0000c46c                getsockname@@GLIBC_2.0
                0x0000c478                __cxa_atexit@@GLIBC_2.1.3
                0x0000c484                regfree@@GLIBC_2.0
                0x0000c490                setrlimit64@@GLIBC_2.1
                0x0000c49c                strcoll@@GLIBC_2.0
                0x0000c4a8                sysconf@@GLIBC_2.0
                0x0000c4b4                memcmp@@GLIBC_2.0
                0x0000c4c0                qsort@@GLIBC_2.0
                0x0000c4cc                inet_ntoa@@GLIBC_2.0
                0x0000c4d8                freeaddrinfo@@GLIBC_2.0
                0x0000c4e4                syslog@@GLIBC_2.0
                0x0000c4f0                vprintf@@GLIBC_2.0
                0x0000c4fc                getchar@@GLIBC_2.0
                0x0000c508                bsearch@@GLIBC_2.0
                0x0000c514                setlinebuf@@GLIBC_2.0
                0x0000c520                shutdown@@GLIBC_2.0
                0x0000c52c                open64@@GLIBC_2.1
                0x0000c538                msgget@@GLIBC_2.0
                0x0000c544                clnttcp_create@@GLIBC_2.0
                0x0000c550                signal@@GLIBC_2.0
                0x0000c55c                syscall@@GLIBC_2.0
                0x0000c574                ispunct@@GLIBC_2.0
                0x0000c580                realloc@@GLIBC_2.0
                0x0000c58c                strsep@@GLIBC_2.0
                0x0000c598                sched_yield@@GLIBC_2.0
                0x0000c5a4                pivot_root@@GLIBC_2.2.1
                0x0000c5b0                sync@@GLIBC_2.0
                0x0000c5bc                rewind@@GLIBC_2.0
                0x0000c5c8                unsetenv@@GLIBC_2.0
                0x0000c5d4                isspace@@GLIBC_2.0
                0x0000c5e0                __xstat64@@GLIBC_2.2
                0x0000c5ec                vsprintf@@GLIBC_2.0
                0x0000c5f8                localtime@@GLIBC_2.0
                0x0000c604                cfgetispeed@@GLIBC_2.0
                0x0000c610                clearenv@@GLIBC_2.0
                0x0000c61c                dirname@@GLIBC_2.0
                0x0000c628                strtod@@GLIBC_2.0
                0x0000c634                strchr@@GLIBC_2.0
                0x0000c640                vsnprintf@@GLIBC_2.0
                0x0000c64c                recv@@GLIBC_2.0
                0x0000c658                getenv@@GLIBC_2.0
                0x0000c664                strptime@@GLIBC_2.0
                0x0000c670                inet_addr@@GLIBC_2.0
                0x0000c67c                system@@GLIBC_2.0
                0x0000c688                strncpy@@GLIBC_2.0
                0x0000c694                query_module@@GLIBC_2.0
                0x0000c6a0                putchar@@GLIBC_2.0
                0x0000c6ac                shmat@@GLIBC_2.0
                0x0000c6b8                swapon@@GLIBC_2.0
                0x0000c6c4                fchown@@GLIBC_2.0
                0x0000c6d0                ttyname@@GLIBC_2.0
                0x0000c6dc                write@@GLIBC_2.0
                0x0000c6e8                tzset@@GLIBC_2.0
                0x0000c6f4                sendto@@GLIBC_2.0
                0x0000c700                semop@@GLIBC_2.0
                0x0000c70c                pow@@GLIBC_2.0
                0x0000c718                listen@@GLIBC_2.0
                0x0000c724                toupper@@GLIBC_2.0
                0x0000c730                sendmsg@@GLIBC_2.0
                0x0000c73c                fgets@@GLIBC_2.0
                0x0000c748                rename@@GLIBC_2.0
                0x0000c754                regexec@@GLIBC_2.3.4
                0x0000c760                getlogin@@GLIBC_2.0
                0x0000c76c                sched_setscheduler@@GLIBC_2.0
                0x0000c778                memset@@GLIBC_2.0
                0x0000c784                setitimer@@GLIBC_2.0
                0x0000c790                fopen64@@GLIBC_2.1
                0x0000c79c                isxdigit@@GLIBC_2.0
                0x0000c7a8                setsid@@GLIBC_2.0
                0x0000c7b4                sched_getscheduler@@GLIBC_2.0
                0x0000c7c0                getprotobyname@@GLIBC_2.0
                0x0000c7cc                sched_get_priority_max@@GLIBC_2.0
                0x0000c7d8                __libc_start_main@@GLIBC_2.0
                0x0000c7e4                umount2@@GLIBC_2.1
                0x0000c7f0                clnt_sperror@@GLIBC_2.0
                0x0000c7fc                execl@@GLIBC_2.0
                0x0000c808                _IO_getc@@GLIBC_2.0
                0x0000c814                wait@@GLIBC_2.0
                0x0000c820                _exit@@GLIBC_2.0
                0x0000c82c                if_nametoindex@@GLIBC_2.1
                0x0000c838                strrchr@@GLIBC_2.0
                0x0000c844                mount@@GLIBC_2.0
                0x0000c850                uname@@GLIBC_2.0
                0x0000c85c                tcgetattr@@GLIBC_2.0
                0x0000c868                chmod@@GLIBC_2.0
                0x0000c874                xdr_int@@GLIBC_2.0
                0x0000c880                iscntrl@@GLIBC_2.0
                0x0000c88c                getopt_long_only@@GLIBC_2.0
                0x0000c898                wait4@@GLIBC_2.0
                0x0000c8a4                read@@GLIBC_2.0
                0x0000c8b0                authunix_create_default@@GLIBC_2.0
                0x0000c8bc                strtoll@@GLIBC_2.0
                0x0000c8c8                umount@@GLIBC_2.0
                0x0000c8d4                perror@@GLIBC_2.0
                0x0000c8e0                exp@@GLIBC_2.0
                0x0000c8ec                cfmakeraw@@GLIBC_2.0
                0x0000c8f8                ungetc@@GLIBC_2.0
                0x0000c904                usleep@@GLIBC_2.0
                0x0000c910                swapoff@@GLIBC_2.0
                0x0000c91c                xdr_opaque@@GLIBC_2.0
                0x0000c928                gettimeofday@@GLIBC_2.0
                0x0000c934                strtol@@GLIBC_2.0
                0x0000c940                fdopen@@GLIBC_2.1
                0x0000c94c                tcsetpgrp@@GLIBC_2.0
                0x0000c958                getservbyport@@GLIBC_2.0
                0x0000c964                __ctype_toupper_loc@@GLIBC_2.3
                0x0000c970                hstrerror@@GLIBC_2.0
                0x0000c97c                free@@GLIBC_2.0
                0x0000c988                strtoull@@GLIBC_2.0
                0x0000c994                inet_pton@@GLIBC_2.0
                0x0000c9a0                shmctl@@GLIBC_2.2
                0x0000c9ac                __xmknod@@GLIBC_2.0
                0x0000c9b8                __lxstat64@@GLIBC_2.2
                0x0000c9c4                setresuid@@GLIBC_2.0
                0x0000c9d0                execle@@GLIBC_2.0
                0x0000c9dc                bindresvport@@GLIBC_2.0
                0x0000c9e8                openlog@@GLIBC_2.0
                0x0000c9f4                ether_aton@@GLIBC_2.0
                0x0000ca00                setpgid@@GLIBC_2.0
                0x0000ca0c                scanf@@GLIBC_2.0
                0x0000ca18                shmdt@@GLIBC_2.0
                0x0000ca24                access@@GLIBC_2.0
                0x0000ca30                ether_ntoa@@GLIBC_2.0
                0x0000ca3c                semctl@@GLIBC_2.2
                0x0000ca48                gethostid@@GLIBC_2.0
                0x0000ca54                setresgid@@GLIBC_2.0
                0x0000ca60                sigaction@@GLIBC_2.0
                0x0000ca6c                setpriority@@GLIBC_2.0
                0x0000ca78                fflush@@GLIBC_2.0
                0x0000ca84                sqrt@@GLIBC_2.0
                0x0000ca90                regcomp@@GLIBC_2.0
                0x0000ca9c                opendir@@GLIBC_2.0
                0x0000caa8                getopt_long@@GLIBC_2.0
                0x0000cab4                accept@@GLIBC_2.0
                0x0000cac0                tcflush@@GLIBC_2.0
                0x0000cacc                symlink@@GLIBC_2.0
                0x0000cad8                ioctl@@GLIBC_2.0
                0x0000cae4                socket@@GLIBC_2.0
                0x0000caf0                dup2@@GLIBC_2.0
                0x0000cafc                fseek@@GLIBC_2.0
                0x0000cb08                inet_aton@@GLIBC_2.0
                0x0000cb14                vsyslog@@GLIBC_2.0
                0x0000cb20                getpriority@@GLIBC_2.0
                0x0000cb2c                execlp@@GLIBC_2.0
                0x0000cb38                isatty@@GLIBC_2.0
                0x0000cb44                isblank@@GLIBC_2.0
                0x0000cb50                realpath@@GLIBC_2.3
                0x0000cb5c                strsignal@@GLIBC_2.0
                0x0000cb68                vfork@@GLIBC_2.0
                0x0000cb74                getaddrinfo@@GLIBC_2.0
                0x0000cb80                umask@@GLIBC_2.0
                0x0000cb8c                fclose@@GLIBC_2.1
                0x0000cb98                ftello64@@GLIBC_2.1
                0x0000cba4                sethostname@@GLIBC_2.0
                0x0000cbb0                setuid@@GLIBC_2.0
                0x0000cbbc                dup@@GLIBC_2.0
                0x0000cbc8                dprintf@@GLIBC_2.0
                0x0000cbd4                _setjmp@@GLIBC_2.0
                0x0000cbe0                tcgetpgrp@@GLIBC_2.0
                0x0000cbec                mktime@@GLIBC_2.0
                0x0000cbf8                fsync@@GLIBC_2.0
                0x0000cc04                readdir64@@GLIBC_2.2
                0x0000cc10                getopt@@GLIBC_2.0
                0x0000cc1c                xdr_enum@@GLIBC_2.0
                0x0000cc28                clntudp_create@@GLIBC_2.0
                0x0000cc34                memcpy@@GLIBC_2.0
                0x0000cc40                cfsetospeed@@GLIBC_2.0
                0x0000cc4c                utime@@GLIBC_2.0
                0x0000cc58                execv@@GLIBC_2.0
                0x0000cc64                reboot@@GLIBC_2.0
                0x0000cc70                strtoul@@GLIBC_2.0
                0x0000cc7c                execvp@@GLIBC_2.0
                0x0000cc88                strlen@@GLIBC_2.0
                0x0000cc94                getdomainname@@GLIBC_2.0
                0x0000cca0                cos@@GLIBC_2.0
                0x0000ccac                alarm@@GLIBC_2.0
                0x0000ccb8                mkdtemp@@GLIBC_2.2
                0x0000ccc4                unlink@@GLIBC_2.0
                0x0000ccd0                nice@@GLIBC_2.0
                0x0000ccdc                klogctl@@GLIBC_2.0
                0x0000cce8                sched_getparam@@GLIBC_2.0
                0x0000ccf4                asprintf@@GLIBC_2.0
                0x0000cd00                getppid@@GLIBC_2.0
                0x0000cd0c                setlocale@@GLIBC_2.0
                0x0000cd18                waitpid@@GLIBC_2.0
                0x0000cd24                clearerr@@GLIBC_2.0
                0x0000cd30                sigdelset@@GLIBC_2.0
                0x0000cd3c                __h_errno_location@@GLIBC_2.0
                0x0000cd48                fgetc@@GLIBC_2.0
                0x0000cd54                __xpg_basename@@GLIBC_2.0
                0x0000cd60                stime@@GLIBC_2.0
                0x0000cd6c                feof@@GLIBC_2.0
                0x0000cd78                chroot@@GLIBC_2.0
                0x0000cd84                strcpy@@GLIBC_2.0
                0x0000cd90                getegid@@GLIBC_2.0
                0x0000cd9c                ftell@@GLIBC_2.0
                0x0000cda8                longjmp@@GLIBC_2.0
                0x0000cdb4                isascii@@GLIBC_2.0
                0x0000cdc0                printf@@GLIBC_2.0
                0x0000cdcc                pmap_getmaps@@GLIBC_2.0
                0x0000cdd8                killpg@@GLIBC_2.0
                0x0000cde4                mkfifo@@GLIBC_2.0
                0x0000cdf0                chdir@@GLIBC_2.0
                0x0000cdfc                ctime@@GLIBC_2.0
                0x0000ce08                bind@@GLIBC_2.0
                0x0000ce14                getuid@@GLIBC_2.0
                0x0000ce20                sched_getaffinity@@GLIBC_2.3.4
                0x0000ce2c                raise@@GLIBC_2.0
                0x0000ce38                create_module@@GLIBC_2.0
                0x0000ce44                gethostbyaddr@@GLIBC_2.0
                0x0000ce50                atoi@@GLIBC_2.0
                0x0000ce5c                putenv@@GLIBC_2.0
                0x0000ce68                wait3@@GLIBC_2.0
                0x0000ce74                xdr_bytes@@GLIBC_2.0
                0x0000ce80                strcasecmp@@GLIBC_2.0
                0x0000ce8c                ptsname@@GLIBC_2.1
                0x0000ce98                atof@@GLIBC_2.0
                0x0000cea4                mkstemp64@@GLIBC_2.2
                0x0000ceb0                getutent@@GLIBC_2.0
                0x0000cebc                regerror@@GLIBC_2.0
                0x0000cec8                select@@GLIBC_2.0
                0x0000ced4                getmntent_r@@GLIBC_2.0
                0x0000cee0                closedir@@GLIBC_2.0
                0x0000ceec                close@@GLIBC_2.0
                0x0000cef8                fwrite@@GLIBC_2.0
                0x0000cf04                xdr_string@@GLIBC_2.0
                0x0000cf10                isalnum@@GLIBC_2.0
                0x0000cf1c                fprintf@@GLIBC_2.0
                0x0000cf28                strstr@@GLIBC_2.0
                0x0000cf34                time@@GLIBC_2.0
                0x0000cf40                setvbuf@@GLIBC_2.0
                0x0000cf4c                strncat@@GLIBC_2.0
                0x0000cf58                remove@@GLIBC_2.0
                0x0000cf64                execve@@GLIBC_2.0
                0x0000cf70                ftruncate64@@GLIBC_2.1
                0x0000cf7c                malloc@@GLIBC_2.0
                0x0000cf88                sigprocmask@@GLIBC_2.0
                0x0000cf94                endmntent@@GLIBC_2.0
                0x0000cfa0                isupper@@GLIBC_2.0
                0x0000cfac                getlogin_r@@GLIBC_2.0
                0x0000cfb8                isgraph@@GLIBC_2.0
                0x0000cfc4                __cmsg_nxthdr@@GLIBC_2.0
                0x0000cfd0                sched_get_priority_min@@GLIBC_2.0
                0x0000cfdc                getmntent@@GLIBC_2.0
                0x0000cfe8                msgctl@@GLIBC_2.2
                0x0000cff4                gethostname@@GLIBC_2.0
                0x0000d000                munlock@@GLIBC_2.0
                0x0000d00c                atan2@@GLIBC_2.0
                0x0000d018                fputc@@GLIBC_2.0
                0x0000d024                memrchr@@GLIBC_2.2
                0x0000d030                xdr_u_int@@GLIBC_2.0
                0x0000d03c                vdprintf@@GLIBC_2.0
                0x0000d048                rmdir@@GLIBC_2.0
                0x0000d054                strtok@@GLIBC_2.0
                0x0000d060                strnlen@@GLIBC_2.0
                0x0000d06c                strcasestr@@GLIBC_2.1
                0x0000d078                readahead@@GLIBC_2.3
                0x0000d084                poll@@GLIBC_2.0
                0x0000d090                sleep@@GLIBC_2.0
                0x0000d09c                sigaddset@@GLIBC_2.0
                0x0000d0a8                readlink@@GLIBC_2.0
                0x0000d0b4                strncasecmp@@GLIBC_2.0
                0x0000d0c0                memmove@@GLIBC_2.0
                0x0000d0cc                cfgetospeed@@GLIBC_2.0
                0x0000d0d8                endutent@@GLIBC_2.0
                0x0000d0e4                __ctype_tolower_loc@@GLIBC_2.3
                0x0000d0f0                getnameinfo@@GLIBC_2.1
                0x0000d0fc                strcat@@GLIBC_2.0
                0x0000d108                pause@@GLIBC_2.0
                0x0000d114                getcwd@@GLIBC_2.0
                0x0000d120                sigfillset@@GLIBC_2.0
                0x0000d12c                ether_hostton@@GLIBC_2.0
                0x0000d138                vasprintf@@GLIBC_2.0
                0x0000d144                settimeofday@@GLIBC_2.0
                0x0000d150                log@@GLIBC_2.0
                0x0000d15c                puts@@GLIBC_2.0
                0x0000d168                recvmsg@@GLIBC_2.0
                0x0000d174                fork@@GLIBC_2.0
                0x0000d180                utmpname@@GLIBC_2.0
                0x0000d18c                __fxstat64@@GLIBC_2.2
                0x0000d198                setsockopt@@GLIBC_2.0
                0x0000d1a4                pmap_getport@@GLIBC_2.0
                0x0000d1b0                tcsetattr@@GLIBC_2.0
                0x0000d1bc                fcntl@@GLIBC_2.0
                0x0000d1c8                updwtmp@@GLIBC_2.0
                0x0000d1d4                getrlimit64@@GLIBC_2.2
                0x0000d1e0                flock@@GLIBC_2.0
                0x0000d1ec                rand@@GLIBC_2.0
                0x0000d1f8                strspn@@GLIBC_2.0
                0x0000d204                delete_module@@GLIBC_2.0
                0x0000d210                sscanf@@GLIBC_2.0
                0x0000d21c                gmtime@@GLIBC_2.0
                0x0000d228                getusershell@@GLIBC_2.0
                0x0000d234                fscanf@@GLIBC_2.0
                0x0000d240                getgroups@@GLIBC_2.0
                0x0000d24c                memchr@@GLIBC_2.0
                0x0000d258                sendfile64@@GLIBC_2.3
                0x0000d264                fnmatch@@GLIBC_2.2.3
                0x0000d270                strncmp@@GLIBC_2.0
                0x0000d27c                lchown@@GLIBC_2.0
                0x0000d288                crypt@@GLIBC_2.0
                0x0000d294                setutent@@GLIBC_2.0
                0x0000d2a0                vfprintf@@GLIBC_2.0
                0x0000d2ac                unlockpt@@GLIBC_2.1
                0x0000d2b8                link@@GLIBC_2.0
                0x0000d2c4                personality@@GLIBC_2.0
                0x0000d2d0                _IO_putc@@GLIBC_2.0
                0x0000d2dc                munmap@@GLIBC_2.0
                0x0000d2e8                mlock@@GLIBC_2.0
                0x0000d2f4                strpbrk@@GLIBC_2.0
                0x0000d300                xdr_array@@GLIBC_2.0
                0x0000d30c                pipe@@GLIBC_2.0
                0x0000d318                fchdir@@GLIBC_2.0
                0x0000d324                fread@@GLIBC_2.0
                0x0000d330                getsockopt@@GLIBC_2.0
                0x0000d33c                closelog@@GLIBC_2.0
                0x0000d348                strftime@@GLIBC_2.0
                0x0000d354                setgid@@GLIBC_2.0
                0x0000d360                snprintf@@GLIBC_2.0
                0x0000d36c                kill@@GLIBC_2.0
                0x0000d378                __res_init@@GLIBC_2.2
                0x0000d384                mmap64@@GLIBC_2.1
                0x0000d390                times@@GLIBC_2.0
                0x0000d39c                strchrnul@@GLIBC_2.1.1
                0x0000d3a8                strcspn@@GLIBC_2.0
                0x0000d3b4                grantpt@@GLIBC_2.1
                0x0000d3c0                sin@@GLIBC_2.0
                0x0000d3cc                strdup@@GLIBC_2.0
                0x0000d3d8                getpeername@@GLIBC_2.0
                0x0000d3e4                gethostbyname@@GLIBC_2.0
                0x0000d3f0                chown@@GLIBC_2.0
                0x0000d3fc                recvfrom@@GLIBC_2.0
                0x0000d408                ferror@@GLIBC_2.0
                0x0000d414                sysinfo@@GLIBC_2.0
                0x0000d420                tolower@@GLIBC_2.0
                0x0000d42c                lseek64@@GLIBC_2.1
                0x0000d438                getitimer@@GLIBC_2.0
                0x0000d444                endusershell@@GLIBC_2.0
                0x0000d450                strcmp@@GLIBC_2.0
                0x0000d45c                getservbyname@@GLIBC_2.0
                0x0000d468                adjtimex@@GLIBC_2.0
                0x0000d474                setenv@@GLIBC_2.0
                0x0000d480                exit@@GLIBC_2.0
                0x0000d48c                cfsetispeed@@GLIBC_2.0
                0x0000d498                difftime@@GLIBC_2.0
                0x0000d4a4                fchmod@@GLIBC_2.0
                0x0000d4b0                pclose@@GLIBC_2.1
                0x0000d4bc                islower@@GLIBC_2.0
                0x0000d4c8                sched_setaffinity@@GLIBC_2.3.4
                0x0000d4d4                sigsuspend@@GLIBC_2.0
                0x0000d4e0                freopen64@@GLIBC_2.1
                0x0000d4ec                getpgrp@@GLIBC_2.0
                0x0000d4f8                getgid@@GLIBC_2.0
                0x0000d504                shmget@@GLIBC_2.0
                0x0000d510                getsid@@GLIBC_2.0
                0x0000d51c                pututline@@GLIBC_2.0
                0x0000d528                geteuid@@GLIBC_2.0

.text           0x0000d534    0x92784
 *(.text .stub .text.* .gnu.linkonce.t.*)
 .text          0x0000d534       0x38 /home/zion/gcc_jz2440/arm-linux-gcc-3.4.5-glibc-2.3.6/bin/../lib/gcc/arm-linux/3.4.5/../../../../arm-linux/lib/crt1.o
                0x0000d534                _start
 .text          0x0000d56c       0x30 /home/zion/gcc_jz2440/arm-linux-gcc-3.4.5-glibc-2.3.6/bin/../lib/gcc/arm-linux/3.4.5/../../../../arm-linux/lib/crti.o
 .text          0x0000d59c       0x8c /home/zion/gcc_jz2440/arm-linux-gcc-3.4.5-glibc-2.3.6/bin/../lib/gcc/arm-linux/3.4.5/crtbegin.o
 .text.get_trimmed_slice
                0x0000d628       0x44 applets/built-in.o
 .text.bb_show_usage
                0x0000d66c      0x104 applets/built-in.o
                0x0000d66c                bb_show_usage
 .text.applet_name_compare
                0x0000d770        0x8 applets/built-in.o
 .text.find_applet_by_name
                0x0000d778       0x30 applets/built-in.o
                0x0000d778                find_applet_by_name
 .text.run_current_applet_and_exit
                0x0000d7a8      0x21c applets/built-in.o
                0x0000d7a8                run_current_applet_and_exit
 .text.run_applet_and_exit
                0x0000d9c4      0x298 applets/built-in.o
                0x0000d9c4                run_applet_and_exit
 .text.main     0x0000dc5c      0x440 applets/built-in.o
                0x0000dc5c                main
 .text.header_verbose_list_ar
                0x0000e09c       0x78 archival/lib.a(ar.o)
 .text.ar_main  0x0000e114      0x180 archival/lib.a(ar.o)
                0x0000e114                ar_main
 .text.open_to_or_warn
                0x0000e294       0x38 archival/lib.a(bbunzip.o)
 .text.bbunpack
                0x0000e2cc      0x1bc archival/lib.a(bbunzip.o)
                0x0000e2cc                bbunpack
 .text.make_new_name_generic
                0x0000e488       0x40 archival/lib.a(bbunzip.o)
 .text.make_new_name_bunzip2
                0x0000e4c8        0xc archival/lib.a(bbunzip.o)
 .text.unpack_bunzip2
                0x0000e4d4        0xc archival/lib.a(bbunzip.o)
 .text.bunzip2_main
                0x0000e4e0       0x6c archival/lib.a(bbunzip.o)
                0x0000e4e0                bunzip2_main
 .text.make_new_name_gunzip
                0x0000e54c       0xac archival/lib.a(bbunzip.o)
 .text.unpack_gunzip
                0x0000e5f8       0x90 archival/lib.a(bbunzip.o)
 .text.gunzip_main
                0x0000e688       0x6c archival/lib.a(bbunzip.o)
                0x0000e688                gunzip_main
 .text.make_new_name_unlzma
                0x0000e6f4        0xc archival/lib.a(bbunzip.o)
 .text.unpack_unlzma
                0x0000e700        0xc archival/lib.a(bbunzip.o)
 .text.unlzma_main
                0x0000e70c       0x6c archival/lib.a(bbunzip.o)
                0x0000e70c                unlzma_main
 .text.make_new_name_uncompress
                0x0000e778        0xc archival/lib.a(bbunzip.o)
 .text.unpack_uncompress
                0x0000e784       0x60 archival/lib.a(bbunzip.o)
 .text.uncompress_main
                0x0000e7e4       0x40 archival/lib.a(bbunzip.o)
                0x0000e7e4                uncompress_main
 .text.cpio_main
                0x0000e824      0x164 archival/lib.a(cpio.o)
                0x0000e824                cpio_main
 .text.flush_outbuf
                0x0000e988       0x34 archival/lib.a(gzip.o)
 .text.put_16bit
                0x0000e9bc       0x84 archival/lib.a(gzip.o)
 .text.put_32bit
                0x0000ea40       0x20 archival/lib.a(gzip.o)
 .text.file_read
                0x0000ea60       0x80 archival/lib.a(gzip.o)
 .text.send_bits
                0x0000eae0       0xb0 archival/lib.a(gzip.o)
 .text.bi_reverse
                0x0000eb90       0x28 archival/lib.a(gzip.o)
 .text.bi_windup
                0x0000ebb8       0x70 archival/lib.a(gzip.o)
 .text.copy_block
                0x0000ec28       0x7c archival/lib.a(gzip.o)
 .text.fill_window
                0x0000eca4      0x160 archival/lib.a(gzip.o)
 .text.init_block
                0x0000ee04       0xec archival/lib.a(gzip.o)
 .text.pqdownheap
                0x0000eef0      0x19c archival/lib.a(gzip.o)
 .text.gen_codes
                0x0000f08c       0xd8 archival/lib.a(gzip.o)
 .text.build_tree
                0x0000f164      0x700 archival/lib.a(gzip.o)
 .text.scan_tree
                0x0000f864      0x1d8 archival/lib.a(gzip.o)
 .text.send_tree
                0x0000fa3c      0x200 archival/lib.a(gzip.o)
 .text.ct_tally
                0x0000fc3c      0x274 archival/lib.a(gzip.o)
 .text.compress_block
                0x0000feb0      0x1d8 archival/lib.a(gzip.o)
 .text.flush_block
                0x00010088      0x2e0 archival/lib.a(gzip.o)
 .text.make_new_name_gzip
                0x00010368       0x10 archival/lib.a(gzip.o)
 .text.pack_gzip
                0x00010378      0xa24 archival/lib.a(gzip.o)
 .text.gzip_main
                0x00010d9c      0x1b4 archival/lib.a(gzip.o)
                0x00010d9c                gzip_main
 .text.bsearch_rpmtag
                0x00010f50       0x14 archival/lib.a(rpm.o)
 .text.rpm_getint
                0x00010f64       0xe0 archival/lib.a(rpm.o)
 .text.rpm_getstr
                0x00011044       0xd4 archival/lib.a(rpm.o)
 .text.loop_through_files
                0x00011118       0x90 archival/lib.a(rpm.o)
 .text.rpm_main
                0x000111a8      0x8cc archival/lib.a(rpm.o)
                0x000111a8                rpm_main
 .text.fileaction_dobackup
                0x00011a74       0x88 archival/lib.a(rpm.o)
 .text.fileaction_setowngrp
                0x00011afc       0x44 archival/lib.a(rpm.o)
 .text.skip_header
                0x00011b40       0xc4 archival/lib.a(rpm2cpio.o)
 .text.rpm2cpio_main
                0x00011c04      0x174 archival/lib.a(rpm2cpio.o)
                0x00011c04                rpm2cpio_main
 .text.putOctal
                0x00011d78       0x60 archival/lib.a(tar.o)
 .text.chksum_and_xwrite
                0x00011dd8       0x78 archival/lib.a(tar.o)
 .text.writeLongname
                0x00011e50      0x108 archival/lib.a(tar.o)
 .text.writeFileToTarball
                0x00011f58      0x694 archival/lib.a(tar.o)
 .text.writeTarFile
                0x000125ec      0x2ec archival/lib.a(tar.o)
 .text.append_file_list_to_list
                0x000128d8       0x8c archival/lib.a(tar.o)
 .text.get_header_tar_Z
                0x00012964       0x84 archival/lib.a(tar.o)
 .text.tar_main
                0x000129e8      0x3a8 archival/lib.a(tar.o)
                0x000129e8                tar_main
 .text.unzip_skip
                0x00012d90       0x68 archival/lib.a(unzip.o)
 .text.unzip_create_leading_dirs
                0x00012df8       0x3c archival/lib.a(unzip.o)
 .text.unzip_main
                0x00012e34      0x90c archival/lib.a(unzip.o)
                0x00012e34                unzip_main
 .text.check_header_gzip_or_die
                0x00013740       0xcc archival/libunarchive/lib.a(check_header_gzip.o)
                0x00013740                check_header_gzip_or_die
 .text.data_extract_all
                0x0001380c      0x33c archival/libunarchive/lib.a(data_extract_all.o)
                0x0001380c                data_extract_all
 .text.data_extract_to_stdout
                0x00013b48       0x18 archival/libunarchive/lib.a(data_extract_to_stdout.o)
                0x00013b48                data_extract_to_stdout
 .text.data_skip
                0x00013b60       0x18 archival/libunarchive/lib.a(data_skip.o)
                0x00013b60                data_skip
 .text.get_bits
                0x00013b78       0xdc archival/libunarchive/lib.a(decompress_bunzip2.o)
 .text.get_next_block
                0x00013c54      0x80c archival/libunarchive/lib.a(decompress_bunzip2.o)
 .text.read_bunzip
                0x00014460      0x174 archival/libunarchive/lib.a(decompress_bunzip2.o)
                0x00014460                read_bunzip
 .text.start_bunzip
                0x000145d4       0xf0 archival/libunarchive/lib.a(decompress_bunzip2.o)
                0x000145d4                start_bunzip
 .text.dealloc_bunzip
                0x000146c4       0x1c archival/libunarchive/lib.a(decompress_bunzip2.o)
                0x000146c4                dealloc_bunzip
 .text.unpack_bz2_stream
                0x000146e0       0xd4 archival/libunarchive/lib.a(decompress_bunzip2.o)
                0x000146e0                unpack_bz2_stream
 .text.uncompress
                0x000147b4      0x4c0 archival/libunarchive/lib.a(decompress_uncompress.o)
                0x000147b4                uncompress
 .text.rc_read  0x00014c74       0x40 archival/libunarchive/lib.a(decompress_unlzma.o)
 .text.rc_do_normalize
                0x00014cb4       0x3c archival/libunarchive/lib.a(decompress_unlzma.o)
 .text.rc_get_bit
                0x00014cf0       0xb4 archival/libunarchive/lib.a(decompress_unlzma.o)
 .text.unpack_lzma_stream
                0x00014da4      0xc28 archival/libunarchive/lib.a(decompress_unlzma.o)
                0x00014da4                unpack_lzma_stream
 .text.alloc_state
                0x000159cc       0x28 archival/libunarchive/lib.a(decompress_unzip.o)
 .text.fill_bitbuffer
                0x000159f4       0xa4 archival/libunarchive/lib.a(decompress_unzip.o)
 .text.huft_free
                0x00015a98       0x28 archival/libunarchive/lib.a(decompress_unzip.o)
 .text.huft_build
                0x00015ac0      0x5f4 archival/libunarchive/lib.a(decompress_unzip.o)
 .text.inflate_codes_setup
                0x000160b4       0x6c archival/libunarchive/lib.a(decompress_unzip.o)
 .text.calculate_gunzip_crc
                0x00016120       0x58 archival/libunarchive/lib.a(decompress_unzip.o)
 .text.inflate_unzip_internal
                0x00016178      0xd18 archival/libunarchive/lib.a(decompress_unzip.o)
 .text.inflate_unzip
                0x00016e90       0x64 archival/libunarchive/lib.a(decompress_unzip.o)
                0x00016e90                inflate_unzip
 .text.unpack_gz_stream
                0x00016ef4      0x11c archival/libunarchive/lib.a(decompress_unzip.o)
                0x00016ef4                unpack_gz_stream
 .text.filter_accept_list
                0x00017010       0x20 archival/libunarchive/lib.a(filter_accept_list.o)
                0x00017010                filter_accept_list
 .text.filter_accept_reject_list
                0x00017030       0x54 archival/libunarchive/lib.a(filter_accept_reject_list.o)
                0x00017030                filter_accept_reject_list
 .text.find_list_entry
                0x00017084       0x44 archival/libunarchive/lib.a(find_list_entry.o)
                0x00017084                find_list_entry
 .text.find_list_entry2
                0x000170c8       0xcc archival/libunarchive/lib.a(find_list_entry.o)
                0x000170c8                find_list_entry2
 .text.get_header_ar
                0x00017194      0x2d0 archival/libunarchive/lib.a(get_header_ar.o)
                0x00017194                get_header_ar
 .text.get_header_cpio
                0x00017464      0x438 archival/libunarchive/lib.a(get_header_cpio.o)
                0x00017464                get_header_cpio
 .text.getOctal
                0x0001789c       0x4c archival/libunarchive/lib.a(get_header_tar.o)
 .text.get_header_tar
                0x000178e8      0x600 archival/libunarchive/lib.a(get_header_tar.o)
                0x000178e8                get_header_tar
 .text.get_header_tar_bz2
                0x00017ee8       0x50 archival/libunarchive/lib.a(get_header_tar_bz2.o)
                0x00017ee8                get_header_tar_bz2
 .text.get_header_tar_gz
                0x00017f38       0x94 archival/libunarchive/lib.a(get_header_tar_gz.o)
                0x00017f38                get_header_tar_gz
 .text.get_header_tar_lzma
                0x00017fcc       0x50 archival/libunarchive/lib.a(get_header_tar_lzma.o)
                0x00017fcc                get_header_tar_lzma
 .text.header_list
                0x0001801c        0x8 archival/libunarchive/lib.a(header_list.o)
                0x0001801c                header_list
 .text.header_verbose_list
                0x00018024       0xb0 archival/libunarchive/lib.a(header_verbose_list.o)
                0x00018024                header_verbose_list
 .text.init_handle
                0x000180d4       0x54 archival/libunarchive/lib.a(init_handle.o)
                0x000180d4                init_handle
 .text.open_transformer
                0x00018128       0x7c archival/libunarchive/lib.a(open_transformer.o)
                0x00018128                open_transformer
 .text.seek_by_jump
                0x000181a4       0x68 archival/libunarchive/lib.a(seek_by_jump.o)
                0x000181a4                seek_by_jump
 .text.seek_by_read
                0x0001820c       0x18 archival/libunarchive/lib.a(seek_by_read.o)
                0x0001820c                seek_by_read
 .text.archive_xread_all_eof
                0x00018224       0x30 archival/libunarchive/lib.a(archive_xread_all_eof.o)
                0x00018224                archive_xread_all_eof
 .text.data_align
                0x00018254       0x74 archival/libunarchive/lib.a(data_align.o)
                0x00018254                data_align
 .text.filter_accept_all
                0x000182c8       0x14 archival/libunarchive/lib.a(filter_accept_all.o)
                0x000182c8                filter_accept_all
 .text.header_skip
                0x000182dc        0x4 archival/libunarchive/lib.a(header_skip.o)
                0x000182dc                header_skip
 .text.chvt_main
                0x000182e0       0x6c console-tools/lib.a(chvt.o)
                0x000182e0                chvt_main
 .text.clear_main
                0x0001834c       0x1c console-tools/lib.a(clear.o)
                0x0001834c                clear_main
 .text.deallocvt_main
                0x00018368       0x5c console-tools/lib.a(deallocvt.o)
                0x00018368                deallocvt_main
 .text.dumpkmap_main
                0x000183c4      0x120 console-tools/lib.a(dumpkmap.o)
                0x000183c4                dumpkmap_main
 .text.do_loadfont
                0x000184e4       0xdc console-tools/lib.a(loadfont.o)
 .text.loadfont_main
                0x000185c0      0x224 console-tools/lib.a(loadfont.o)
                0x000185c0                loadfont_main
 .text.loadkmap_main
                0x000187e4       0xf8 console-tools/lib.a(loadkmap.o)
                0x000187e4                loadkmap_main
 .text.openvt_main
                0x000188dc       0x80 console-tools/lib.a(openvt.o)
                0x000188dc                openvt_main
 .text.reset_main
                0x0001895c       0x24 console-tools/lib.a(reset.o)
                0x0001895c                reset_main
 .text.onintr   0x00018980       0x20 console-tools/lib.a(resize.o)
 .text.resize_main
                0x000189a0      0x150 console-tools/lib.a(resize.o)
                0x000189a0                resize_main
 .text.setconsole_main
                0x00018af0       0xa4 console-tools/lib.a(setconsole.o)
                0x00018af0                setconsole_main
 .text.setkeycodes_main
                0x00018b94       0xc8 console-tools/lib.a(setkeycodes.o)
                0x00018b94                setkeycodes_main
 .text.setlogcons_main
                0x00018c5c       0x6c console-tools/lib.a(setlogcons.o)
                0x00018c5c                setlogcons_main
 .text.basename_main
                0x00018cc8       0x80 coreutils/lib.a(basename.o)
                0x00018cc8                basename_main
 .text.leap_year
                0x00018d48       0x64 coreutils/lib.a(cal.o)
 .text.day_array
                0x00018dac      0x198 coreutils/lib.a(cal.o)
 .text.blank_string
                0x00018f44       0x28 coreutils/lib.a(cal.o)
 .text.build_row
                0x00018f6c       0xcc coreutils/lib.a(cal.o)
 .text.trim_trailing_spaces_and_print
                0x00019038       0x54 coreutils/lib.a(cal.o)
 .text.center   0x0001908c       0x54 coreutils/lib.a(cal.o)
 .text.cal_main
                0x000190e0      0x3e8 coreutils/lib.a(cal.o)
                0x000190e0                cal_main
 .text.bb_cat   0x000194c8       0x94 coreutils/lib.a(cat.o)
                0x000194c8                bb_cat
 .text.cat_main
                0x0001955c       0x30 coreutils/lib.a(cat.o)
                0x0001955c                cat_main
 .text.catv_main
                0x0001958c      0x140 coreutils/lib.a(catv.o)
                0x0001958c                catv_main
 .text.chgrp_main
                0x000196cc       0x5c coreutils/lib.a(chgrp.o)
                0x000196cc                chgrp_main
 .text.fileAction
                0x00019728       0xa8 coreutils/lib.a(chmod.o)
 .text.chmod_main
                0x000197d0       0xf4 coreutils/lib.a(chmod.o)
                0x000197d0                chmod_main
 .text.fileAction
                0x000198c4       0x68 coreutils/lib.a(chown.o)
 .text.chown_main
                0x0001992c       0xc4 coreutils/lib.a(chown.o)
                0x0001992c                chown_main
 .text.chroot_main
                0x000199f0       0x94 coreutils/lib.a(chroot.o)
                0x000199f0                chroot_main
 .text.cksum_main
                0x00019a84      0x11c coreutils/lib.a(cksum.o)
                0x00019a84                cksum_main
 .text.writeline
                0x00019ba0       0x70 coreutils/lib.a(comm.o)
 .text.comm_main
                0x00019c10      0x278 coreutils/lib.a(comm.o)
                0x00019c10                comm_main
 .text.cp_main  0x00019e88      0x12c coreutils/lib.a(cp.o)
                0x00019e88                cp_main
 .text.cmpfunc  0x00019fb4       0x10 coreutils/lib.a(cut.o)
 .text.cut_file
                0x00019fc4      0x2b8 coreutils/lib.a(cut.o)
 .text.cut_main
                0x0001a27c      0x29c coreutils/lib.a(cut.o)
                0x0001a27c                cut_main
 .text.maybe_set_utc
                0x0001a518       0x14 coreutils/lib.a(date.o)
 .text.date_main
                0x0001a52c      0x508 coreutils/lib.a(date.o)
                0x0001a52c                date_main
 .text.dd_output_status
                0x0001aa34       0x5c coreutils/lib.a(dd.o)
 .text.full_write_or_warn
                0x0001aa90       0x28 coreutils/lib.a(dd.o)
 .text.write_and_stats
                0x0001aab8       0x5c coreutils/lib.a(dd.o)
 .text.dd_main  0x0001ab14      0x670 coreutils/lib.a(dd.o)
                0x0001ab14                dd_main
 .text.df_main  0x0001b184      0x31c coreutils/lib.a(df.o)
                0x0001b184                df_main
 .text.dirname_main
                0x0001b4a0       0x2c coreutils/lib.a(dirname.o)
                0x0001b4a0                dirname_main
 .text.dos2unix_main
                0x0001b4cc      0x1d8 coreutils/lib.a(dos2unix.o)
                0x0001b4cc                dos2unix_main
 .text.print    0x0001b6a4       0x38 coreutils/lib.a(du.o)
 .text.du       0x0001b6dc      0x228 coreutils/lib.a(du.o)
 .text.du_main  0x0001b904      0x19c coreutils/lib.a(du.o)
                0x0001b904                du_main
 .text.bb_echo  0x0001baa0      0x158 coreutils/lib.a(echo.o)
                0x0001baa0                bb_echo
 .text.echo_main
                0x0001bbf8        0x8 coreutils/lib.a(echo.o)
                0x0001bbf8                echo_main
 .text.env_main
                0x0001bc00      0x170 coreutils/lib.a(env.o)
                0x0001bc00                env_main
 .text.xputchar
                0x0001bd70       0x20 coreutils/lib.a(expand.o)
 .text.expand_main
                0x0001bd90      0x380 coreutils/lib.a(expand.o)
                0x0001bd90                expand_main
 .text.int_value
                0x0001c110       0x24 coreutils/lib.a(expr.o)
 .text.str_value
                0x0001c134       0x30 coreutils/lib.a(expr.o)
 .text.freev    0x0001c164       0x24 coreutils/lib.a(expr.o)
 .text.null     0x0001c188       0x50 coreutils/lib.a(expr.o)
 .text.tostring
                0x0001c1d8       0x34 coreutils/lib.a(expr.o)
 .text.toarith  0x0001c20c       0x6c coreutils/lib.a(expr.o)
 .text.nextarg  0x0001c278       0x3c coreutils/lib.a(expr.o)
 .text.arithmetic_common
                0x0001c2b4       0xb0 coreutils/lib.a(expr.o)
 .text.docolon  0x0001c364      0x10c coreutils/lib.a(expr.o)
 .text.eval1    0x0001c470       0x90 coreutils/lib.a(expr.o)
 .text.eval     0x0001c500       0x70 coreutils/lib.a(expr.o)
 .text.eval6    0x0001c570      0x2d4 coreutils/lib.a(expr.o)
 .text.eval5    0x0001c844       0x6c coreutils/lib.a(expr.o)
 .text.eval4    0x0001c8b0       0xb0 coreutils/lib.a(expr.o)
 .text.eval3    0x0001c960       0x98 coreutils/lib.a(expr.o)
 .text.eval2    0x0001c9f8      0x1bc coreutils/lib.a(expr.o)
 .text.expr_main
                0x0001cbb4       0x7c coreutils/lib.a(expr.o)
                0x0001cbb4                expr_main
 .text.false_main
                0x0001cc30        0x8 coreutils/lib.a(false.o)
                0x0001cc30                false_main
 .text.adjust_column
                0x0001cc38       0x58 coreutils/lib.a(fold.o)
 .text.fold_main
                0x0001cc90      0x2e0 coreutils/lib.a(fold.o)
                0x0001cc90                fold_main
 .text.head_main
                0x0001cf70      0x1bc coreutils/lib.a(head.o)
                0x0001cf70                head_main
 .text.hostid_main
                0x0001d12c       0x34 coreutils/lib.a(hostid.o)
                0x0001d12c                hostid_main
 .text.printf_full
                0x0001d160       0x38 coreutils/lib.a(id.o)
 .text.id_main  0x0001d198      0x16c coreutils/lib.a(id.o)
                0x0001d198                id_main
 .text.install_main
                0x0001d304      0x31c coreutils/lib.a(install.o)
                0x0001d304                install_main
 .text.length_main
                0x0001d620       0x4c coreutils/lib.a(length.o)
                0x0001d620                length_main
 .text.ln_main  0x0001d66c      0x210 coreutils/lib.a(ln.o)
                0x0001d66c                ln_main
 .text.logname_main
                0x0001d87c       0x50 coreutils/lib.a(logname.o)
                0x0001d87c                logname_main
 .text.my_stat  0x0001d8cc       0xc4 coreutils/lib.a(ls.o)
 .text.fgcolor  0x0001d990       0x50 coreutils/lib.a(ls.o)
 .text.bgcolor  0x0001d9e0       0x30 coreutils/lib.a(ls.o)
 .text.append_char
                0x0001da10       0x60 coreutils/lib.a(ls.o)
 .text.count_dirs
                0x0001da70       0x80 coreutils/lib.a(ls.o)
 .text.dnalloc  0x0001daf0       0x14 coreutils/lib.a(ls.o)
 .text.dfree    0x0001db04       0x4c coreutils/lib.a(ls.o)
 .text.splitdnarray
                0x0001db50       0xdc coreutils/lib.a(ls.o)
 .text.sortcmp  0x0001dc2c       0xb8 coreutils/lib.a(ls.o)
 .text.dnsort   0x0001dce4       0x10 coreutils/lib.a(ls.o)
 .text.showfiles
                0x0001dcf4      0x678 coreutils/lib.a(ls.o)
 .text.showdirs
                0x0001e36c      0x264 coreutils/lib.a(ls.o)
 .text.ls_main  0x0001e5d0      0x474 coreutils/lib.a(ls.o)
                0x0001e5d0                ls_main
 .text.hash_file
                0x0001ea44      0x124 coreutils/lib.a(md5_sha1_sum.o)
 .text.md5_sha1_sum_main
                0x0001eb68      0x25c coreutils/lib.a(md5_sha1_sum.o)
                0x0001eb68                md5_sha1_sum_main
 .text.mkdir_main
                0x0001edc4       0xd0 coreutils/lib.a(mkdir.o)
                0x0001edc4                mkdir_main
 .text.mkfifo_main
                0x0001ee94       0x64 coreutils/lib.a(mkfifo.o)
                0x0001ee94                mkfifo_main
 .text.mknod_main
                0x0001eef8      0x108 coreutils/lib.a(mknod.o)
                0x0001eef8                mknod_main
 .text.mv_main  0x0001f000      0x248 coreutils/lib.a(mv.o)
                0x0001f000                mv_main
 .text.nice_main
                0x0001f248      0x104 coreutils/lib.a(nice.o)
                0x0001f248                nice_main
 .text.nohup_main
                0x0001f34c      0x134 coreutils/lib.a(nohup.o)
                0x0001f34c                nohup_main
 .text.od_main  0x0001f480      0x308 coreutils/lib.a(od.o)
                0x0001f480                od_main
 .text.printenv_main
                0x0001f788       0x78 coreutils/lib.a(printenv.o)
                0x0001f788                printenv_main
 .text.multiconvert
                0x0001f800       0x80 coreutils/lib.a(printf.o)
 .text.conv_strtoul
                0x0001f880       0x1c coreutils/lib.a(printf.o)
 .text.conv_strtol
                0x0001f89c       0x1c coreutils/lib.a(printf.o)
 .text.conv_strtod
                0x0001f8b8       0x40 coreutils/lib.a(printf.o)
 .text.my_xstrtoul
                0x0001f8f8       0x24 coreutils/lib.a(printf.o)
 .text.my_xstrtol
                0x0001f91c       0x24 coreutils/lib.a(printf.o)
 .text.my_xstrtod
                0x0001f940       0x24 coreutils/lib.a(printf.o)
 .text.print_direc
                0x0001f964      0x280 coreutils/lib.a(printf.o)
 .text.printf_main
                0x0001fbe4      0x2f0 coreutils/lib.a(printf.o)
                0x0001fbe4                printf_main
 .text.pwd_main
                0x0001fed4       0x38 coreutils/lib.a(pwd.o)
                0x0001fed4                pwd_main
 .text.readlink_main
                0x0001ff0c       0x90 coreutils/lib.a(readlink.o)
                0x0001ff0c                readlink_main
 .text.realpath_main
                0x0001ff9c       0x5c coreutils/lib.a(realpath.o)
                0x0001ff9c                realpath_main
 .text.rm_main  0x0001fff8       0xe8 coreutils/lib.a(rm.o)
                0x0001fff8                rm_main
 .text.rmdir_main
                0x000200e0       0xbc coreutils/lib.a(rmdir.o)
                0x000200e0                rmdir_main
 .text.seq_main
                0x0002019c      0x13c coreutils/lib.a(seq.o)
                0x0002019c                seq_main
 .text.sleep_main
                0x000202d8       0x50 coreutils/lib.a(sleep.o)
                0x000202d8                sleep_main
 .text.get_key  0x00020328      0x2c8 coreutils/lib.a(sort.o)
 .text.add_key  0x000205f0       0x2c coreutils/lib.a(sort.o)
 .text.compare_keys
                0x0002061c      0x3f0 coreutils/lib.a(sort.o)
 .text.str2u    0x00020a0c       0x3c coreutils/lib.a(sort.o)
 .text.sort_main
                0x00020a48      0x470 coreutils/lib.a(sort.o)
                0x00020a48                sort_main
 .text.split_main
                0x00020eb8      0x2b8 coreutils/lib.a(split.o)
                0x00020eb8                split_main
 .text.human_time
                0x00021170       0x44 coreutils/lib.a(stat.o)
 .text.print_statfs
                0x000211b4      0x1e4 coreutils/lib.a(stat.o)
 .text.print_stat
                0x00021398      0x4b4 coreutils/lib.a(stat.o)
 .text.print_it
                0x0002184c      0x114 coreutils/lib.a(stat.o)
 .text.do_statfs
                0x00021960       0x90 coreutils/lib.a(stat.o)
 .text.do_stat  0x000219f0       0xcc coreutils/lib.a(stat.o)
 .text.stat_main
                0x00021abc       0xa4 coreutils/lib.a(stat.o)
                0x00021abc                stat_main
 .text.mode_type_flag
                0x00021b60       0x1c coreutils/lib.a(stty.o)
 .text.set_speed_or_die
                0x00021b7c       0x44 coreutils/lib.a(stty.o)
 .text.perror_on_device_and_die
                0x00021bc0       0x10 coreutils/lib.a(stty.o)
 .text.perror_on_device
                0x00021bd0       0x10 coreutils/lib.a(stty.o)
 .text.wrapf    0x00021be0       0xd8 coreutils/lib.a(stty.o)
 .text.set_window_size
                0x00021cb8       0xac coreutils/lib.a(stty.o)
 .text.display_window_size
                0x00021d64       0x84 coreutils/lib.a(stty.o)
 .text.find_mode
                0x00021de8       0x4c coreutils/lib.a(stty.o)
 .text.find_control
                0x00021e34       0x4c coreutils/lib.a(stty.o)
 .text.find_param
                0x00021e80       0x38 coreutils/lib.a(stty.o)
 .text.recover_mode
                0x00021eb8       0xcc coreutils/lib.a(stty.o)
 .text.display_recoverable
                0x00021f84       0x50 coreutils/lib.a(stty.o)
 .text.display_speed
                0x00021fd4       0x78 coreutils/lib.a(stty.o)
 .text.do_display
                0x0002204c      0x244 coreutils/lib.a(stty.o)
 .text.set_mode
                0x00022290      0x428 coreutils/lib.a(stty.o)
 .text.set_control_char_or_die
                0x000226b8       0xd4 coreutils/lib.a(stty.o)
 .text.stty_main
                0x0002278c      0x588 coreutils/lib.a(stty.o)
                0x0002278c                stty_main
 .text.sum_file
                0x00022d14      0x1a0 coreutils/lib.a(sum.o)
 .text.sum_main
                0x00022eb4       0xb8 coreutils/lib.a(sum.o)
                0x00022eb4                sum_main
 .text.sync_main
                0x00022f6c       0x18 coreutils/lib.a(sync.o)
                0x00022f6c                sync_main
 .text.tail_xprint_header
                0x00022f84       0x20 coreutils/lib.a(tail.o)
 .text.tail_read
                0x00022fa4       0xc0 coreutils/lib.a(tail.o)
 .text.eat_num  0x00023064       0x34 coreutils/lib.a(tail.o)
 .text.tail_main
                0x00023098      0x4bc coreutils/lib.a(tail.o)
                0x00023098                tail_main
 .text.tee_main
                0x00023554      0x158 coreutils/lib.a(tee.o)
                0x00023554                tee_main
 .text.t_lex    0x000236ac       0x68 coreutils/lib.a(test.o)
 .text.syntax   0x00023714       0x4c coreutils/lib.a(test.o)
 .text.getn     0x00023760       0x80 coreutils/lib.a(test.o)
 .text.binop    0x000237e0      0x2c0 coreutils/lib.a(test.o)
 .text.nexpr    0x00023aa0      0x43c coreutils/lib.a(test.o)
 .text.aexpr    0x00023edc       0x7c coreutils/lib.a(test.o)
 .text.oexpr    0x00023f58       0x80 coreutils/lib.a(test.o)
 .text.test_main
                0x00023fd8      0x230 coreutils/lib.a(test.o)
                0x00023fd8                test_main
 .text.touch_main
                0x00024208       0xbc coreutils/lib.a(touch.o)
                0x00024208                touch_main
 .text.expand   0x000242c4      0x2a0 coreutils/lib.a(tr.o)
 .text.tr_main  0x00024564      0x32c coreutils/lib.a(tr.o)
                0x00024564                tr_main
 .text.true_main
                0x00024890        0x8 coreutils/lib.a(true.o)
                0x00024890                true_main
 .text.tty_main
                0x00024898       0x6c coreutils/lib.a(tty.o)
                0x00024898                tty_main
 .text.uname_main
                0x00024904       0xc8 coreutils/lib.a(uname.o)
                0x00024904                uname_main
 .text.xgetoptfile_uniq_s
                0x000249cc       0x5c coreutils/lib.a(uniq.o)
 .text.uniq_main
                0x00024a28      0x1e0 coreutils/lib.a(uniq.o)
                0x00024a28                uniq_main
 .text.usleep_main
                0x00024c08       0x24 coreutils/lib.a(usleep.o)
                0x00024c08                usleep_main
 .text.read_stduu
                0x00024c2c      0x128 coreutils/lib.a(uudecode.o)
 .text.read_base64
                0x00024d54      0x118 coreutils/lib.a(uudecode.o)
 .text.uudecode_main
                0x00024e6c      0x1a4 coreutils/lib.a(uudecode.o)
                0x00024e6c                uudecode_main
 .text.uuencode_main
                0x00025010      0x18c coreutils/lib.a(uuencode.o)
                0x00025010                uuencode_main
 .text.wc_main  0x0002519c      0x338 coreutils/lib.a(wc.o)
                0x0002519c                wc_main
 .text.who_main
                0x000254d4      0x13c coreutils/lib.a(who.o)
                0x000254d4                who_main
 .text.whoami_main
                0x00025610       0x38 coreutils/lib.a(whoami.o)
                0x00025610                whoami_main
 .text.yes_main
                0x00025648       0x64 coreutils/lib.a(yes.o)
                0x00025648                yes_main
 .text.cp_mv_stat2
                0x000256ac       0x6c coreutils/libcoreutils/lib.a(cp_mv_stat.o)
                0x000256ac                cp_mv_stat2
 .text.cp_mv_stat
                0x00025718        0xc coreutils/libcoreutils/lib.a(cp_mv_stat.o)
                0x00025718                cp_mv_stat
 .text.getopt_mk_fifo_nod
                0x00025724       0x5c coreutils/libcoreutils/lib.a(getopt_mk_fifo_nod.o)
                0x00025724                getopt_mk_fifo_nod
 .text.mktemp_main
                0x00025780       0xc0 debianutils/lib.a(mktemp.o)
                0x00025780                mktemp_main
 .text.pipe_progress_main
                0x00025840       0xa0 debianutils/lib.a(pipe_progress.o)
                0x00025840                pipe_progress_main
 .text.act      0x000258e0      0x114 debianutils/lib.a(run_parts.o)
 .text.run_parts_main
                0x000259f4      0x100 debianutils/lib.a(run_parts.o)
                0x000259f4                run_parts_main
 .text.check    0x00025af4      0x18c debianutils/lib.a(start_stop_daemon.o)
 .text.do_procinit
                0x00025c80       0xf0 debianutils/lib.a(start_stop_daemon.o)
 .text.start_stop_daemon_main
                0x00025d70      0x3a0 debianutils/lib.a(start_stop_daemon.o)
                0x00025d70                start_stop_daemon_main
 .text.which_main
                0x00026110       0x9c debianutils/lib.a(which.o)
                0x00026110                which_main
 .text.change_attributes
                0x000261ac      0x154 e2fsprogs/lib.a(chattr.o)
 .text.chattr_dir_proc
                0x00026300       0x30 e2fsprogs/lib.a(chattr.o)
 .text.chattr_main
                0x00026330      0x1a4 e2fsprogs/lib.a(chattr.o)
                0x00026330                chattr_main
 .text.close_silently
                0x000264d4       0x20 e2fsprogs/lib.a(e2fs_lib.o)
 .text.iterate_on_dir
                0x000264f4       0xbc e2fsprogs/lib.a(e2fs_lib.o)
                0x000264f4                iterate_on_dir
 .text.fgetsetversion
                0x000265b0       0x64 e2fsprogs/lib.a(e2fs_lib.o)
                0x000265b0                fgetsetversion
 .text.fgetsetflags
                0x00026614       0xb4 e2fsprogs/lib.a(e2fs_lib.o)
                0x00026614                fgetsetflags
 .text.print_flags
                0x000266c8       0xc8 e2fsprogs/lib.a(e2fs_lib.o)
                0x000266c8                print_flags
 .text.base_device
                0x00026790      0x100 e2fsprogs/lib.a(fsck.o)
 .text.free_instance
                0x00026890       0x2c e2fsprogs/lib.a(fsck.o)
 .text.create_fs_device
                0x000268bc       0xa0 e2fsprogs/lib.a(fsck.o)
 .text.parse_word
                0x0002695c       0x48 e2fsprogs/lib.a(fsck.o)
 .text.parse_escape
                0x000269a4       0x68 e2fsprogs/lib.a(fsck.o)
 .text.kill_all_if_cancel_requested
                0x00026a0c       0x68 e2fsprogs/lib.a(fsck.o)
 .text.wait_one
                0x00026a74      0x1d0 e2fsprogs/lib.a(fsck.o)
 .text.wait_many
                0x00026c44       0x40 e2fsprogs/lib.a(fsck.o)
 .text.fsck_device
                0x00026c84      0x308 e2fsprogs/lib.a(fsck.o)
 .text.opt_in_list
                0x00026f8c       0x64 e2fsprogs/lib.a(fsck.o)
 .text.ignore   0x00026ff0      0x108 e2fsprogs/lib.a(fsck.o)
 .text.check_all
                0x000270f8      0x330 e2fsprogs/lib.a(fsck.o)
 .text.signal_cancel
                0x00027428       0x14 e2fsprogs/lib.a(fsck.o)
 .text.fsck_main
                0x0002743c      0x914 e2fsprogs/lib.a(fsck.o)
                0x0002743c                fsck_main
 .text.list_attributes
                0x00027d50       0xd8 e2fsprogs/lib.a(lsattr.o)
 .text.lsattr_dir_proc
                0x00027e28       0xf8 e2fsprogs/lib.a(lsattr.o)
 .text.lsattr_args
                0x00027f20       0x7c e2fsprogs/lib.a(lsattr.o)
 .text.lsattr_main
                0x00027f9c       0x5c e2fsprogs/lib.a(lsattr.o)
                0x00027f9c                lsattr_main
 .text.zero_out_var
                0x00027ff8        0xc editors/lib.a(awk.o)
 .text.syntax_error
                0x00028004       0x24 editors/lib.a(awk.o)
 .text.hashidx  0x00028028       0x2c editors/lib.a(awk.o)
 .text.hash_init
                0x00028054       0x2c editors/lib.a(awk.o)
 .text.hash_search
                0x00028080       0x58 editors/lib.a(awk.o)
 .text.hash_find
                0x000280d8      0x138 editors/lib.a(awk.o)
 .text.hash_remove
                0x00028210       0x94 editors/lib.a(awk.o)
 .text.skip_spaces
                0x000282a4       0x58 editors/lib.a(awk.o)
 .text.nextword
                0x000282fc       0x20 editors/lib.a(awk.o)
 .text.nextchar
                0x0002831c       0x44 editors/lib.a(awk.o)
 .text.afopen   0x00028360       0x28 editors/lib.a(awk.o)
 .text.iamarray
                0x00028388       0x3c editors/lib.a(awk.o)
 .text.clear_array
                0x000283c4       0x70 editors/lib.a(awk.o)
 .text.clrvar   0x00028434       0x40 editors/lib.a(awk.o)
 .text.getvar_i
                0x00028474       0xb8 editors/lib.a(awk.o)
 .text.is_numeric
                0x0002852c       0x24 editors/lib.a(awk.o)
 .text.istrue   0x00028550       0x5c editors/lib.a(awk.o)
 .text.nvalloc  0x000285ac      0x10c editors/lib.a(awk.o)
 .text.nvfree   0x000286b8       0xf8 editors/lib.a(awk.o)
 .text.next_token
                0x000287b0      0x49c editors/lib.a(awk.o)
 .text.rollback_token
                0x00028c4c       0x18 editors/lib.a(awk.o)
 .text.new_node
                0x00028c64       0x2c editors/lib.a(awk.o)
 .text.mk_re_node
                0x00028c90       0x4c editors/lib.a(awk.o)
 .text.chain_node
                0x00028cdc       0x8c editors/lib.a(awk.o)
 .text.mk_splitter
                0x00028d68       0x60 editors/lib.a(awk.o)
 .text.qrealloc
                0x00028dc8       0x40 editors/lib.a(awk.o)
 .text.fsrealloc
                0x00028e08       0xd4 editors/lib.a(awk.o)
 .text.nextarg  0x00028edc       0x38 editors/lib.a(awk.o)
 .text.fmt_num  0x00028f14      0x11c editors/lib.a(awk.o)
 .text.getvar_s
                0x00029030       0x88 editors/lib.a(awk.o)
 .text.handle_special
                0x000290b8      0x1d8 editors/lib.a(awk.o)
 .text.setvar_p
                0x00029290       0x24 editors/lib.a(awk.o)
 .text.setvar_s
                0x000292b4       0x3c editors/lib.a(awk.o)
 .text.setvar_u
                0x000292f0       0x20 editors/lib.a(awk.o)
 .text.setari_u
                0x00029310       0x48 editors/lib.a(awk.o)
 .text.setvar_i
                0x00029358       0x34 editors/lib.a(awk.o)
 .text.parse_expr
                0x0002938c      0x330 editors/lib.a(awk.o)
 .text.condition
                0x000296bc       0x18 editors/lib.a(awk.o)
 .text.chain_expr
                0x000296d4       0x38 editors/lib.a(awk.o)
 .text.chain_group
                0x0002970c      0x2e0 editors/lib.a(awk.o)
 .text.parse_program
                0x000299ec      0x180 editors/lib.a(awk.o)
 .text.chain_loop
                0x00029b6c       0x8c editors/lib.a(awk.o)
 .text.awk_getline
                0x00029bf8      0x2e4 editors/lib.a(awk.o)
 .text.incvar   0x00029edc       0x34 editors/lib.a(awk.o)
 .text.copyvar  0x00029f10       0x60 editors/lib.a(awk.o)
 .text.awk_split
                0x00029f70      0x278 editors/lib.a(awk.o)
 .text.split_f0
                0x0002a1e8       0xd8 editors/lib.a(awk.o)
 .text.is_assignment
                0x0002a2c0       0xc8 editors/lib.a(awk.o)
 .text.next_input_file
                0x0002a388      0x128 editors/lib.a(awk.o)
 .text.evaluate
                0x0002a4b0     0x18e8 editors/lib.a(awk.o)
 .text.as_regex
                0x0002bd98       0x88 editors/lib.a(awk.o)
 .text.awk_sub  0x0002be20      0x27c editors/lib.a(awk.o)
 .text.awk_printf
                0x0002c09c      0x210 editors/lib.a(awk.o)
 .text.ptest    0x0002c2ac       0x20 editors/lib.a(awk.o)
 .text.awk_exit
                0x0002c2cc       0xac editors/lib.a(awk.o)
 .text.awk_main
                0x0002c378      0x530 editors/lib.a(awk.o)
                0x0002c378                awk_main
 .text.cmp_xfopen_input
                0x0002c8a8       0x14 editors/lib.a(cmp.o)
 .text.cmp_main
                0x0002c8bc      0x1fc editors/lib.a(cmp.o)
                0x0002c8bc                cmp_main
 .text.print_only
                0x0002cab8       0x28 editors/lib.a(diff.o)
 .text.print_status
                0x0002cae0      0x1c0 editors/lib.a(diff.o)
 .text.prepare  0x0002cca0      0x15c editors/lib.a(diff.o)
 .text.isqrt    0x0002cdfc       0x44 editors/lib.a(diff.o)
 .text.newcand  0x0002ce40       0x84 editors/lib.a(diff.o)
 .text.skipline
                0x0002cec4       0x34 editors/lib.a(diff.o)
 .text.sort     0x0002cef8       0xc0 editors/lib.a(diff.o)
 .text.uni_range
                0x0002cfb8       0x38 editors/lib.a(diff.o)
 .text.fetch    0x0002cff0       0xec editors/lib.a(diff.o)
 .text.asciifile
                0x0002d0dc       0x94 editors/lib.a(diff.o)
 .text.dump_unified_vec
                0x0002d170      0x204 editors/lib.a(diff.o)
 .text.change   0x0002d374      0x1b0 editors/lib.a(diff.o)
 .text.diffreg  0x0002d524      0xd74 editors/lib.a(diff.o)
 .text.do_diff  0x0002e298      0x1cc editors/lib.a(diff.o)
 .text.dir_strcmp
                0x0002e464        0xc editors/lib.a(diff.o)
 .text.add_to_dirlist
                0x0002e470       0x50 editors/lib.a(diff.o)
 .text.get_dir  0x0002e4c0      0x10c editors/lib.a(diff.o)
 .text.diff_main
                0x0002e5cc      0x48c editors/lib.a(diff.o)
                0x0002e5cc                diff_main
 .text.findLine
                0x0002ea58       0xe8 editors/lib.a(ed.o)
 .text.setCurNum
                0x0002eb40       0x38 editors/lib.a(ed.o)
 .text.deleteLines
                0x0002eb78      0x114 editors/lib.a(ed.o)
 .text.termEdit
                0x0002ec8c       0xa0 editors/lib.a(ed.o)
 .text.findString
                0x0002ed2c       0x94 editors/lib.a(ed.o)
 .text.insertLine
                0x0002edc0       0xe4 editors/lib.a(ed.o)
 .text.addLines
                0x0002eea4       0xd8 editors/lib.a(ed.o)
 .text.getNum   0x0002ef7c      0x2c4 editors/lib.a(ed.o)
 .text.readLines
                0x0002f240      0x2bc editors/lib.a(ed.o)
 .text.printLines
                0x0002f4fc      0x144 editors/lib.a(ed.o)
 .text.ed_main  0x0002f640      0xcf0 editors/lib.a(ed.o)
                0x0002f640                ed_main
 .text.copy_lines
                0x00030330       0x68 editors/lib.a(patch.o)
 .text.extract_filename
                0x00030398       0x64 editors/lib.a(patch.o)
 .text.file_doesnt_exist
                0x000303fc       0x20 editors/lib.a(patch.o)
 .text.patch_main
                0x0003041c      0x4f4 editors/lib.a(patch.o)
                0x0003041c                patch_main
 .text.cleanup_outname
                0x00030910       0x18 editors/lib.a(sed.o)
 .text.parse_escapes
                0x00030928       0x90 editors/lib.a(sed.o)
 .text.copy_parsing_escapes
                0x000309b8       0x40 editors/lib.a(sed.o)
 .text.index_of_next_unescaped_regexp_delim
                0x000309f8       0xb4 editors/lib.a(sed.o)
 .text.parse_regex_delim
                0x00030aac       0x78 editors/lib.a(sed.o)
 .text.get_address
                0x00030b24       0xe8 editors/lib.a(sed.o)
 .text.parse_file_cmd
                0x00030c0c       0x8c editors/lib.a(sed.o)
 .text.add_cmd  0x00030c98      0x610 editors/lib.a(sed.o)
 .text.pipe_putc
                0x000312a8       0x54 editors/lib.a(sed.o)
 .text.append   0x000312fc       0x1c editors/lib.a(sed.o)
 .text.flush_append
                0x00031318       0x44 editors/lib.a(sed.o)
 .text.add_input_file
                0x0003135c       0x3c editors/lib.a(sed.o)
 .text.get_next_line
                0x00031398       0xcc editors/lib.a(sed.o)
 .text.puts_maybe_newline
                0x00031464       0xac editors/lib.a(sed.o)
 .text.process_files
                0x00031510      0xac4 editors/lib.a(sed.o)
 .text.add_cmd_block
                0x00031fd4       0xa4 editors/lib.a(sed.o)
 .text.sed_main
                0x00032078      0x304 editors/lib.a(sed.o)
                0x00032078                sed_main
 .text.write1   0x0003237c       0x10 editors/lib.a(vi.o)
 .text.file_size
                0x0003238c       0x44 editors/lib.a(vi.o)
 .text.begin_line
                0x000323d0       0x44 editors/lib.a(vi.o)
 .text.end_line
                0x00032414       0x4c editors/lib.a(vi.o)
 .text.clear_to_eol
                0x00032460        0xc editors/lib.a(vi.o)
 .text.count_lines
                0x0003246c       0x6c editors/lib.a(vi.o)
 .text.setops   0x000324d8       0x74 editors/lib.a(vi.o)
 .text.dot_skip_over_ws
                0x0003254c       0x54 editors/lib.a(vi.o)
 .text.show_help
                0x000325a0        0xc editors/lib.a(vi.o)
 .text.standout_start
                0x000325ac        0xc editors/lib.a(vi.o)
 .text.standout_end
                0x000325b8        0xc editors/lib.a(vi.o)
 .text.next_line
                0x000325c4       0x34 editors/lib.a(vi.o)
 .text.find_line
                0x000325f8       0x34 editors/lib.a(vi.o)
 .text.what_reg
                0x0003262c       0x38 editors/lib.a(vi.o)
 .text.next_tabstop
                0x00032664       0x2c editors/lib.a(vi.o)
 .text.end_screen
                0x00032690       0x4c editors/lib.a(vi.o)
 .text.prev_line
                0x000326dc       0x34 editors/lib.a(vi.o)
 .text.dot_left
                0x00032710       0x30 editors/lib.a(vi.o)
 .text.dot_right
                0x00032740       0x34 editors/lib.a(vi.o)
 .text.dot_begin
                0x00032774       0x20 editors/lib.a(vi.o)
 .text.dot_end  0x00032794       0x20 editors/lib.a(vi.o)
 .text.move_to_col
                0x000327b4       0x7c editors/lib.a(vi.o)
 .text.dot_next
                0x00032830       0x20 editors/lib.a(vi.o)
 .text.dot_prev
                0x00032850       0x20 editors/lib.a(vi.o)
 .text.dot_scroll
                0x00032870       0x84 editors/lib.a(vi.o)
 .text.screen_erase
                0x000328f4       0x20 editors/lib.a(vi.o)
 .text.new_screen
                0x00032914       0x7c editors/lib.a(vi.o)
 .text.mycmp    0x00032990       0x48 editors/lib.a(vi.o)
 .text.char_search
                0x000329d8       0xdc editors/lib.a(vi.o)
 .text.get_one_address
                0x00032ab4      0x188 editors/lib.a(vi.o)
 .text.end_cmd_q
                0x00032c3c       0x28 editors/lib.a(vi.o)
 .text.skip_thing
                0x00032c64      0x138 editors/lib.a(vi.o)
 .text.find_pair
                0x00032d9c       0xd4 editors/lib.a(vi.o)
 .text.text_yank
                0x00032e70       0x70 editors/lib.a(vi.o)
 .text.rawmode  0x00032ee0       0xa0 editors/lib.a(vi.o)
 .text.cookmode
                0x00032f80       0x34 editors/lib.a(vi.o)
 .text.catch_sig
                0x00032fb4       0x38 editors/lib.a(vi.o)
 .text.mysleep  0x00032fec       0x84 editors/lib.a(vi.o)
 .text.readit   0x00033070      0x20c editors/lib.a(vi.o)
 .text.place_cursor
                0x0003327c      0x148 editors/lib.a(vi.o)
 .text.suspend_sig
                0x000333c4       0x5c editors/lib.a(vi.o)
 .text.clear_to_eos
                0x00033420        0xc editors/lib.a(vi.o)
 .text.psbs     0x0003342c       0x68 editors/lib.a(vi.o)
 .text.text_hole_delete
                0x00033494       0xbc editors/lib.a(vi.o)
 .text.yank_delete
                0x00033550       0xa0 editors/lib.a(vi.o)
 .text.text_hole_make
                0x000335f0       0x9c editors/lib.a(vi.o)
 .text.stupid_insert
                0x0003368c       0x34 editors/lib.a(vi.o)
 .text.file_insert
                0x000336c0      0x1c0 editors/lib.a(vi.o)
 .text.file_write
                0x00033880       0x74 editors/lib.a(vi.o)
 .text.ni       0x000338f4      0x108 editors/lib.a(vi.o)
 .text.get_one_char
                0x000339fc       0xc4 editors/lib.a(vi.o)
 .text.psb      0x00033ac0       0x3c editors/lib.a(vi.o)
 .text.string_insert
                0x00033afc       0x88 editors/lib.a(vi.o)
 .text.refresh  0x00033b84      0x5a4 editors/lib.a(vi.o)
 .text.redraw   0x00034128       0x40 editors/lib.a(vi.o)
 .text.Indicate_Error
                0x00034168       0x4c editors/lib.a(vi.o)
 .text.char_insert
                0x000341b4      0x1ec editors/lib.a(vi.o)
 .text.init_text_buffer
                0x000343a0       0xf4 editors/lib.a(vi.o)
 .text.bound_dot
                0x00034494       0x4c editors/lib.a(vi.o)
 .text.Hit_Return
                0x000344e0       0x3c editors/lib.a(vi.o)
 .text.colon    0x0003451c      0xf90 editors/lib.a(vi.o)
 .text.show_status_line
                0x000354ac      0x288 editors/lib.a(vi.o)
 .text.cont_sig
                0x00035734       0x54 editors/lib.a(vi.o)
 .text.winch_sig
                0x00035788       0x4c editors/lib.a(vi.o)
 .text.get_input_line
                0x000357d4      0x130 editors/lib.a(vi.o)
 .text.do_cmd   0x00035904     0x18fc editors/lib.a(vi.o)
 .text.edit_file
                0x00037200      0x35c editors/lib.a(vi.o)
 .text.vi_main  0x0003755c      0x1ac editors/lib.a(vi.o)
                0x0003755c                vi_main
 .text.find_range
                0x00037708      0x238 editors/lib.a(vi.o)
 .text.exec_actions
                0x00037940       0x88 findutils/lib.a(find.o)
 .text.func_name
                0x000379c8       0x64 findutils/lib.a(find.o)
 .text.func_path
                0x00037a2c       0x20 findutils/lib.a(find.o)
 .text.func_regex
                0x00037a4c       0x5c findutils/lib.a(find.o)
 .text.func_type
                0x00037aa8       0x1c findutils/lib.a(find.o)
 .text.func_perm
                0x00037ac4       0x68 findutils/lib.a(find.o)
 .text.func_mtime
                0x00037b2c       0x90 findutils/lib.a(find.o)
 .text.func_mmin
                0x00037bbc       0x84 findutils/lib.a(find.o)
 .text.func_newer
                0x00037c40       0x18 findutils/lib.a(find.o)
 .text.func_inum
                0x00037c58       0x34 findutils/lib.a(find.o)
 .text.func_exec
                0x00037c8c      0x140 findutils/lib.a(find.o)
 .text.func_user
                0x00037dcc       0x18 findutils/lib.a(find.o)
 .text.func_group
                0x00037de4       0x18 findutils/lib.a(find.o)
 .text.func_print0
                0x00037dfc       0x20 findutils/lib.a(find.o)
 .text.func_print
                0x00037e1c       0x10 findutils/lib.a(find.o)
 .text.func_paren
                0x00037e2c       0x18 findutils/lib.a(find.o)
 .text.func_size
                0x00037e44       0xa4 findutils/lib.a(find.o)
 .text.func_prune
                0x00037ee8        0x8 findutils/lib.a(find.o)
 .text.func_delete
                0x00037ef0       0x40 findutils/lib.a(find.o)
 .text.fileAction
                0x00037f30       0xd8 findutils/lib.a(find.o)
 .text.plus_minus_num
                0x00038008       0x14 findutils/lib.a(find.o)
 .text.alloc_action.0
                0x0003801c       0x88 findutils/lib.a(find.o)
 .text.parse_params
                0x000380a4      0x684 findutils/lib.a(find.o)
 .text.find_main
                0x00038728      0x1e0 findutils/lib.a(find.o)
                0x00038728                find_main
 .text.print_line
                0x00038908       0xfc findutils/lib.a(grep.o)
 .text.grep_file
                0x00038a04      0x384 findutils/lib.a(grep.o)
 .text.add_grep_list_data
                0x00038d88       0x20 findutils/lib.a(grep.o)
 .text.file_action_grep
                0x00038da8       0x88 findutils/lib.a(grep.o)
 .text.grep_main
                0x00038e30      0x46c findutils/lib.a(grep.o)
                0x00038e30                grep_main
 .text.process_stdin
                0x0003929c      0x218 findutils/lib.a(xargs.o)
 .text.process0_stdin
                0x000394b4      0x118 findutils/lib.a(xargs.o)
 .text.xargs_main
                0x000395cc      0x3d8 findutils/lib.a(xargs.o)
                0x000395cc                xargs_main
 .text.halt_main
                0x000399a4       0xf4 init/lib.a(halt.o)
                0x000399a4                halt_main
 .text.loop_forever
                0x00039a98       0x10 init/lib.a(init.o)
 .text.message  0x00039aa8      0x110 init/lib.a(init.o)
 .text.set_sane_term
                0x00039bb8       0xac init/lib.a(init.o)
 .text.init_reboot
                0x00039c64       0x40 init/lib.a(init.o)
 .text.stop_handler
                0x00039ca4       0x48 init/lib.a(init.o)
 .text.cont_handler
                0x00039cec       0x14 init/lib.a(init.o)
 .text.new_init_action
                0x00039d00       0xc0 init/lib.a(init.o)
 .text.delete_init_action
                0x00039dc0       0x4c init/lib.a(init.o)
 .text.run_actions
                0x00039e0c       0xb4 init/lib.a(init.o)
 .text.ctrlaltdel_signal
                0x00039ec0        0x8 init/lib.a(init.o)
 .text.shutdown_system
                0x00039ec8      0x128 init/lib.a(init.o)
 .text.shutdown_signal
                0x00039ff0       0x70 init/lib.a(init.o)
 .text.open_stdio_to_tty
                0x0003a060       0xa0 init/lib.a(init.o)
 .text.run      0x0003a100      0x3f4 init/lib.a(init.o)
 .text.waitfor  0x0003a4f4       0x5c init/lib.a(init.o)
 .text.exec_signal
                0x0003a550      0x138 init/lib.a(init.o)
 .text.parse_inittab
                0x0003a688      0x298 init/lib.a(init.o)
 .text.reload_signal
                0x0003a920       0x74 init/lib.a(init.o)
 .text.init_main
                0x0003a994      0x470 init/lib.a(init.o)
                0x0003a994                init_main
 .text.mesg_main
                0x0003ae04       0xd0 init/lib.a(mesg.o)
                0x0003ae04                mesg_main
 .text.xsetenv_proto
                0x0003aed4       0x28 ipsvd/lib.a(tcpudp.o)
 .text.sig_term_handler
                0x0003aefc       0x34 ipsvd/lib.a(tcpudp.o)
 .text.connection_status
                0x0003af30       0x3c ipsvd/lib.a(tcpudp.o)
 .text.sig_child_handler
                0x0003af6c       0xd8 ipsvd/lib.a(tcpudp.o)
 .text.tcpudpsvd_main
                0x0003b044      0x88c ipsvd/lib.a(tcpudp.o)
                0x0003b044                tcpudpsvd_main
 .text.ipsvd_perhost_init
                0x0003b8d0       0x2c ipsvd/lib.a(ipsvd_perhost.o)
                0x0003b8d0                ipsvd_perhost_init
 .text.ipsvd_perhost_add
                0x0003b8fc       0xa4 ipsvd/lib.a(ipsvd_perhost.o)
                0x0003b8fc                ipsvd_perhost_add
 .text.ipsvd_perhost_remove
                0x0003b9a0       0x70 ipsvd/lib.a(ipsvd_perhost.o)
                0x0003b9a0                ipsvd_perhost_remove
 .text.bb_ask_confirmation
                0x0003ba10       0x54 libbb/lib.a(ask_confirmation.o)
                0x0003ba10                bb_ask_confirmation
 .text.bb_basename
                0x0003ba64       0x20 libbb/lib.a(bb_basename.o)
                0x0003ba64                bb_basename
 .text.bb_getug
                0x0003ba84       0x64 libbb/lib.a(bb_pwd.o)
 .text.bb_getpwuid
                0x0003bae8       0x44 libbb/lib.a(bb_pwd.o)
                0x0003bae8                bb_getpwuid
 .text.bb_getgrgid
                0x0003bb2c       0x44 libbb/lib.a(bb_pwd.o)
                0x0003bb2c                bb_getgrgid
 .text.xgroup2gid
                0x0003bb70       0x28 libbb/lib.a(bb_pwd.o)
                0x0003bb70                xgroup2gid
 .text.xuname2uid
                0x0003bb98       0x28 libbb/lib.a(bb_pwd.o)
                0x0003bb98                xuname2uid
 .text.get_ug_id
                0x0003bbc0       0x48 libbb/lib.a(bb_pwd.o)
                0x0003bbc0                get_ug_id
 .text.ret_ERANGE
                0x0003bc08       0x20 libbb/lib.a(bb_strtonum.o)
 .text.handle_errors
                0x0003bc28       0x70 libbb/lib.a(bb_strtonum.o)
 .text.bb_strtoull
                0x0003bc98       0x64 libbb/lib.a(bb_strtonum.o)
                0x0003bc98                bb_strtoull
 .text.bb_strtoll
                0x0003bcfc       0x70 libbb/lib.a(bb_strtonum.o)
                0x0003bcfc                bb_strtoll
 .text.bb_strtoul
                0x0003bd6c       0x68 libbb/lib.a(bb_strtonum.o)
                0x0003bd6c                bb_strtoul
 .text.bb_strtol
                0x0003bdd4       0x74 libbb/lib.a(bb_strtonum.o)
                0x0003bdd4                bb_strtol
 .text.chomp    0x0003be48       0x1c libbb/lib.a(chomp.o)
                0x0003be48                chomp
 .text.index_in_str_array
                0x0003be64       0x50 libbb/lib.a(compare_string_array.o)
                0x0003be64                index_in_str_array
 .text.index_in_strings
                0x0003beb4       0x60 libbb/lib.a(compare_string_array.o)
                0x0003beb4                index_in_strings
 .text.index_in_substrings
                0x0003bf14       0x74 libbb/lib.a(compare_string_array.o)
                0x0003bf14                index_in_substrings
 .text.concat_path_file
                0x0003bf88       0x64 libbb/lib.a(concat_path_file.o)
                0x0003bf88                concat_path_file
 .text.concat_subpath_file
                0x0003bfec       0x44 libbb/lib.a(concat_subpath_file.o)
                0x0003bfec                concat_subpath_file
 .text.ask_and_unlink
                0x0003c030       0x70 libbb/lib.a(copy_file.o)
 .text.copy_file
                0x0003c0a0      0x614 libbb/lib.a(copy_file.o)
                0x0003c0a0                copy_file
 .text.bb_full_fd_action
                0x0003c6b4      0x104 libbb/lib.a(copyfd.o)
 .text.bb_copyfd_size
                0x0003c7b8       0x18 libbb/lib.a(copyfd.o)
                0x0003c7b8                bb_copyfd_size
 .text.bb_copyfd_exact_size
                0x0003c7d0       0x40 libbb/lib.a(copyfd.o)
                0x0003c7d0                bb_copyfd_exact_size
 .text.bb_copyfd_eof
                0x0003c810        0xc libbb/lib.a(copyfd.o)
                0x0003c810                bb_copyfd_eof
 .text.crc32_filltable
                0x0003c81c       0x8c libbb/lib.a(crc32.o)
                0x0003c81c                crc32_filltable
 .text.device_open
                0x0003c8a8       0x54 libbb/lib.a(device_open.o)
                0x0003c8a8                device_open
 .text.bb_dump_size
                0x0003c8fc      0x114 libbb/lib.a(dump.o)
                0x0003c8fc                bb_dump_size
 .text.next     0x0003ca10      0x204 libbb/lib.a(dump.o)
 .text.bb_dump_dump
                0x0003cc14      0xca8 libbb/lib.a(dump.o)
                0x0003cc14                bb_dump_dump
 .text.bb_dump_add
                0x0003d8bc      0x218 libbb/lib.a(dump.o)
                0x0003d8bc                bb_dump_add
 .text.bb_error_msg
                0x0003dad4       0x24 libbb/lib.a(error_msg.o)
                0x0003dad4                bb_error_msg
 .text.xfunc_die
                0x0003daf8       0x28 libbb/lib.a(error_msg_and_die.o)
                0x0003daf8                xfunc_die
 .text.bb_error_msg_and_die
                0x0003db20       0x18 libbb/lib.a(error_msg_and_die.o)
                0x0003db20                bb_error_msg_and_die
 .text.execable_file
                0x0003db38       0x58 libbb/lib.a(execable.o)
                0x0003db38                execable_file
 .text.find_execable
                0x0003db90       0x9c libbb/lib.a(execable.o)
                0x0003db90                find_execable
 .text.exists_execable
                0x0003dc2c       0x20 libbb/lib.a(execable.o)
                0x0003dc2c                exists_execable
 .text.fclose_if_not_stdin
                0x0003dc4c       0x1c libbb/lib.a(fclose_nonstdin.o)
                0x0003dc4c                fclose_if_not_stdin
 .text.fflush_stdout_and_exit
                0x0003dc68       0x30 libbb/lib.a(fflush_stdout_and_exit.o)
                0x0003dc68                fflush_stdout_and_exit
 .text.find_mount_point
                0x0003dc98      0x128 libbb/lib.a(find_mount_point.o)
                0x0003dc98                find_mount_point
 .text.find_pid_by_name
                0x0003ddc0       0xa0 libbb/lib.a(find_pid_by_name.o)
                0x0003ddc0                find_pid_by_name
 .text.pidlist_reverse
                0x0003de60       0x58 libbb/lib.a(find_pid_by_name.o)
                0x0003de60                pidlist_reverse
 .text.find_block_device_in_dir
                0x0003deb8      0x12c libbb/lib.a(find_root_device.o)
 .text.find_block_device
                0x0003dfe4       0x6c libbb/lib.a(find_root_device.o)
                0x0003dfe4                find_block_device
 .text.full_write
                0x0003e050       0x48 libbb/lib.a(full_write.o)
                0x0003e050                full_write
 .text.get_console_fd
                0x0003e098       0xd8 libbb/lib.a(get_console.o)
                0x0003e098                get_console_fd
 .text.bb_get_last_path_component
                0x0003e170       0x54 libbb/lib.a(get_last_path_component.o)
                0x0003e170                bb_get_last_path_component
 .text.bb_get_chunk_from_file
                0x0003e1c4       0xa4 libbb/lib.a(get_line_from_file.o)
                0x0003e1c4                bb_get_chunk_from_file
 .text.xmalloc_fgets
                0x0003e268       0x18 libbb/lib.a(get_line_from_file.o)
                0x0003e268                xmalloc_fgets
 .text.xmalloc_getline
                0x0003e280       0x3c libbb/lib.a(get_line_from_file.o)
                0x0003e280                xmalloc_getline
 .text.getopt32
                0x0003e2bc      0x68c libbb/lib.a(getopt32.o)
                0x0003e2bc                getopt32
 .text.make_human_readable_str
                0x0003e948      0x114 libbb/lib.a(human_readable.o)
                0x0003e948                make_human_readable_str
 .text.bb_info_msg
                0x0003ea5c       0x70 libbb/lib.a(info_msg.o)
                0x0003ea5c                bb_info_msg
 .text.is_in_ino_dev_hashtable
                0x0003eacc       0xa8 libbb/lib.a(inode_hash.o)
                0x0003eacc                is_in_ino_dev_hashtable
 .text.add_to_ino_dev_hashtable
                0x0003eb74       0xa8 libbb/lib.a(inode_hash.o)
                0x0003eb74                add_to_ino_dev_hashtable
 .text.is_directory
                0x0003ec1c       0x68 libbb/lib.a(isdirectory.o)
                0x0003ec1c                is_directory
 .text.last_char_is
                0x0003ec84       0x3c libbb/lib.a(last_char_is.o)
                0x0003ec84                last_char_is
 .text.llist_add_to
                0x0003ecc0       0x28 libbb/lib.a(llist.o)
                0x0003ecc0                llist_add_to
 .text.llist_add_to_end
                0x0003ece8       0x4c libbb/lib.a(llist.o)
                0x0003ece8                llist_add_to_end
 .text.llist_pop
                0x0003ed34       0x34 libbb/lib.a(llist.o)
                0x0003ed34                llist_pop
 .text.llist_unlink
                0x0003ed68       0x54 libbb/lib.a(llist.o)
                0x0003ed68                llist_unlink
 .text.llist_free
                0x0003edbc       0x40 libbb/lib.a(llist.o)
                0x0003edbc                llist_free
 .text.bb_make_directory
                0x0003edfc      0x180 libbb/lib.a(make_directory.o)
                0x0003edfc                bb_make_directory
 .text.bb_makedev
                0x0003ef7c       0x74 libbb/lib.a(makedev.o)
                0x0003ef7c                bb_makedev
 .text.md5_begin
                0x0003eff0       0x4c libbb/lib.a(md5.o)
                0x0003eff0                md5_begin
 .text.md5_hash_block
                0x0003f03c      0x210 libbb/lib.a(md5.o)
 .text.md5_hash